<html>
<body>
<pre>
<h1>µVision Build Log</h1>
<h2>Tool Versions:</h2>
IDE-Version: ¦ÌVision V5.36.0.0
Copyright (C) 2021 ARM Ltd and ARM Germany GmbH. All rights reserved.
License Information: asdasd CMLY, asd, LIC=03C6R-K4CCJ-X7HRZ-J2EA1-0FQ8Q-PFI0R
 
Tool Versions:
Toolchain:       MDK-ARM Plus  Version: 5.36.0.0
Toolchain Path:  D:\KEIL\ARM\KEILV5\ARM\ARMCC\Bin
C Compiler:      Armcc.exe V5.06 update 7 (build 960)
Assembler:       Armasm.exe V5.06 update 7 (build 960)
Linker/Locator:  ArmLink.exe V5.06 update 7 (build 960)
Library Manager: ArmAr.exe V5.06 update 7 (build 960)
Hex Converter:   FromElf.exe V5.06 update 7 (build 960)
CPU DLL:         SARMCM3.DLL V5.36.0.0
Dialog DLL:      DCM.DLL V1.17.3.0
Target DLL:      STLink\ST-LINKIII-KEIL_SWO.dll V3.0.9.0
Dialog DLL:      TCM.DLL V1.53.0.0
 
<h2>Project:</h2>
D:\×ÀÃæ\campus_patrol_robot\Ñ²Âß³µ231005\20231005_fv\USER\FreeRTOS.uvprojx
Project File Date:  12/09/2023

<h2>Output:</h2>
*** Using Compiler 'V5.06 update 7 (build 960)', folder: 'D:\KEIL\ARM\KEILV5\ARM\ARMCC\Bin'
Build target 'FreeRTOS'
compiling ros_to_stm32.c...
compiling detect_task.c...
compiling TX2_task.c...
compiling main.c...
compiling remote_control.c...
compiling usart.c...
compiling start_task.c...
compiling jiguang_task.c...
compiling CAN_receive.c...
compiling bizhang.c...
..\BSP\bizhang_usart\bizhang.c(23): warning:  #177-D: function "Data_settlement"  was declared but never referenced
  static void Data_settlement(volatile const uint8_t *data_buf, sensor_Distance_t *sensor_Distance)
..\BSP\bizhang_usart\bizhang.c: 1 warning, 0 errors
compiling chassis_task.c...
linking...
Program Size: Code=53828 RO-data=2252 RW-data=756 ZI-data=30324  
FromELF: creating hex file...
"..\OBJ\LED.axf" - 0 Error(s), 1 Warning(s).

<h2>Software Packages used:</h2>

Package Vendor: Keil
                http://www.keil.com/pack/Keil.STM32F4xx_DFP.2.10.0.pack
                Keil.STM32F4xx_DFP.2.10.0
                STMicroelectronics STM32F4 Series Device Support, Drivers and Examples

<h2>Collection of Component include folders:</h2>
  D:\KEIL\ARM\PACK\Keil\STM32F4xx_DFP\2.10.0\Drivers\CMSIS\Device\ST\STM32F4xx\Include

<h2>Collection of Component Files used:</h2>
Build Time Elapsed:  00:00:03
</pre>
</body>
</html>
