Component: ARM Compiler 5.06 update 7 (build 960) Tool: armlink [4d3601]

==============================================================================

Section Cross References

    main.o(i.main) refers to start_task.o(i.BSP_Init) for BSP_Init
    main.o(i.main) refers to stm32f4xx_gpio.o(i.GPIO_SetBits) for GPIO_SetBits
    main.o(i.main) refers to delay.o(i.delay_ms) for delay_ms
    main.o(i.main) refers to stm32f4xx_gpio.o(i.GPIO_ResetBits) for GPIO_ResetBits
    main.o(i.main) refers to start_task.o(i.startTask) for startTask
    system_stm32f4xx.o(i.SystemCoreClockUpdate) refers to system_stm32f4xx.o(.data) for SystemCoreClock
    system_stm32f4xx.o(i.SystemInit) refers to system_stm32f4xx.o(i.SetSysClock) for SetSysClock
    delay.o(i.SysTick_Handler) refers to tasks.o(i.xTaskGetSchedulerState) for xTaskGetSchedulerState
    delay.o(i.SysTick_Handler) refers to port.o(i.xPortSysTickHandler) for xPortSysTickHandler
    delay.o(i.delay_init) refers to misc.o(i.SysTick_CLKSourceConfig) for SysTick_CLKSourceConfig
    delay.o(i.delay_init) refers to delay.o(.data) for fac_us
    delay.o(i.delay_ms) refers to tasks.o(i.xTaskGetSchedulerState) for xTaskGetSchedulerState
    delay.o(i.delay_ms) refers to tasks.o(i.vTaskDelay) for vTaskDelay
    delay.o(i.delay_ms) refers to delay.o(i.delay_us) for delay_us
    delay.o(i.delay_ms) refers to delay.o(.data) for fac_ms
    delay.o(i.delay_us) refers to delay.o(.data) for fac_us
    delay.o(i.delay_xms) refers to delay.o(i.delay_us) for delay_us
    usart.o(i.Device_Usart1_ENABLE_Init) refers to stm32f4xx_usart.o(i.USART_StructInit) for USART_StructInit
    usart.o(i.Device_Usart1_ENABLE_Init) refers to stm32f4xx_usart.o(i.USART_ClockStructInit) for USART_ClockStructInit
    usart.o(i.Device_Usart1_ENABLE_Init) refers to stm32f4xx_rcc.o(i.RCC_AHB1PeriphClockCmd) for RCC_AHB1PeriphClockCmd
    usart.o(i.Device_Usart1_ENABLE_Init) refers to stm32f4xx_rcc.o(i.RCC_APB2PeriphClockCmd) for RCC_APB2PeriphClockCmd
    usart.o(i.Device_Usart1_ENABLE_Init) refers to stm32f4xx_gpio.o(i.GPIO_PinAFConfig) for GPIO_PinAFConfig
    usart.o(i.Device_Usart1_ENABLE_Init) refers to stm32f4xx_gpio.o(i.GPIO_Init) for GPIO_Init
    usart.o(i.Device_Usart1_ENABLE_Init) refers to stm32f4xx_usart.o(i.USART_Init) for USART_Init
    usart.o(i.Device_Usart1_ENABLE_Init) refers to stm32f4xx_usart.o(i.USART_DMACmd) for USART_DMACmd
    usart.o(i.Device_Usart1_ENABLE_Init) refers to stm32f4xx_dma.o(i.DMA_DeInit) for DMA_DeInit
    usart.o(i.Device_Usart1_ENABLE_Init) refers to stm32f4xx_dma.o(i.DMA_StructInit) for DMA_StructInit
    usart.o(i.Device_Usart1_ENABLE_Init) refers to stm32f4xx_dma.o(i.DMA_Init) for DMA_Init
    usart.o(i.Device_Usart1_ENABLE_Init) refers to stm32f4xx_dma.o(i.DMA_DoubleBufferModeConfig) for DMA_DoubleBufferModeConfig
    usart.o(i.Device_Usart1_ENABLE_Init) refers to stm32f4xx_dma.o(i.DMA_DoubleBufferModeCmd) for DMA_DoubleBufferModeCmd
    usart.o(i.Device_Usart1_ENABLE_Init) refers to stm32f4xx_usart.o(i.USART_ITConfig) for USART_ITConfig
    usart.o(i.Device_Usart1_ENABLE_Init) refers to stm32f4xx_usart.o(i.USART_ClockInit) for USART_ClockInit
    usart.o(i.Device_Usart1_ENABLE_Init) refers to misc.o(i.NVIC_Init) for NVIC_Init
    usart.o(i.Device_Usart1_ENABLE_Init) refers to queue.o(i.xQueueGenericCreate) for xQueueGenericCreate
    usart.o(i.Device_Usart1_ENABLE_Init) refers to stm32f4xx_usart.o(i.USART_Cmd) for USART_Cmd
    usart.o(i.Device_Usart1_ENABLE_Init) refers to stm32f4xx_dma.o(i.DMA_Cmd) for DMA_Cmd
    usart.o(i.Device_Usart1_ENABLE_Init) refers to usart.o(.bss) for _USART1_DMA_RX_BUF
    usart.o(i.Device_Usart1_ENABLE_Init) refers to usart.o(.data) for TxCOM1
    usart.o(i.USART1_IRQHandler) refers to stm32f4xx_usart.o(i.USART_GetITStatus) for USART_GetITStatus
    usart.o(i.USART1_IRQHandler) refers to stm32f4xx_dma.o(i.DMA_GetCurrentMemoryTarget) for DMA_GetCurrentMemoryTarget
    usart.o(i.USART1_IRQHandler) refers to stm32f4xx_dma.o(i.DMA_Cmd) for DMA_Cmd
    usart.o(i.USART1_IRQHandler) refers to stm32f4xx_dma.o(i.DMA_GetCurrDataCounter) for DMA_GetCurrDataCounter
    usart.o(i.USART1_IRQHandler) refers to memcpya.o(.text) for __aeabi_memcpy
    usart.o(i.USART1_IRQHandler) refers to protocol.o(i.verify_crc8_check_sum) for verify_crc8_check_sum
    usart.o(i.USART1_IRQHandler) refers to queue.o(i.xQueueGenericSendFromISR) for xQueueGenericSendFromISR
    usart.o(i.USART1_IRQHandler) refers to detect_task.o(i.DetectHook) for DetectHook
    usart.o(i.USART1_IRQHandler) refers to stm32f4xx_usart.o(i.USART_ClearITPendingBit) for USART_ClearITPendingBit
    usart.o(i.USART1_IRQHandler) refers to stm32f4xx_usart.o(i.USART_ClearFlag) for USART_ClearFlag
    usart.o(i.USART1_IRQHandler) refers to stm32f4xx_usart.o(i.USART_ReceiveData) for USART_ReceiveData
    usart.o(i.USART1_IRQHandler) refers to usart.o(.data) for this_time_rx_len
    usart.o(i.USART1_IRQHandler) refers to usart.o(.bss) for _USART1_DMA_RX_BUF
[...]
    A1_IIC_Stop                              0x080015ed   Thumb Code    62  iic.o(i.A1_IIC_Stop)
    A1_IIC_Wait_Ack                          0x08001639   Thumb Code    84  iic.o(i.A1_IIC_Wait_Ack)
    A1_i2cRead_2                             0x0800169d   Thumb Code    84  iic.o(i.A1_i2cRead_2)
    A2_IIC_Ack                               0x080016f1   Thumb Code    66  iic.o(i.A2_IIC_Ack)
    A2_IIC_Init                              0x08001745   Thumb Code   102  iic.o(i.A2_IIC_Init)
    A2_IIC_NAck                              0x080017bd   Thumb Code    66  iic.o(i.A2_IIC_NAck)
    A2_IIC_Read_Byte                         0x08001811   Thumb Code   104  iic.o(i.A2_IIC_Read_Byte)
    A2_IIC_Send_Byte                         0x08001889   Thumb Code    88  iic.o(i.A2_IIC_Send_Byte)
    A2_IIC_Start                             0x080018f1   Thumb Code    64  iic.o(i.A2_IIC_Start)
    A2_IIC_Stop                              0x0800193d   Thumb Code    62  iic.o(i.A2_IIC_Stop)
    A2_IIC_Wait_Ack                          0x08001989   Thumb Code    84  iic.o(i.A2_IIC_Wait_Ack)
    A2_i2cRead_2                             0x080019ed   Thumb Code    84  iic.o(i.A2_i2cRead_2)
    A3_IIC_Ack                               0x08001a41   Thumb Code    66  iic.o(i.A3_IIC_Ack)
    A3_IIC_Init                              0x08001a95   Thumb Code   102  iic.o(i.A3_IIC_Init)
    A3_IIC_NAck                              0x08001b0d   Thumb Code    66  iic.o(i.A3_IIC_NAck)
    A3_IIC_Read_Byte                         0x08001b61   Thumb Code   104  iic.o(i.A3_IIC_Read_Byte)
    A3_IIC_Send_Byte                         0x08001bd9   Thumb Code    88  iic.o(i.A3_IIC_Send_Byte)
    A3_IIC_Start                             0x08001c41   Thumb Code    64  iic.o(i.A3_IIC_Start)
    A3_IIC_Stop                              0x08001c8d   Thumb Code    62  iic.o(i.A3_IIC_Stop)
    A3_IIC_Wait_Ack                          0x08001cd9   Thumb Code    84  iic.o(i.A3_IIC_Wait_Ack)
    A3_i2cRead_2                             0x08001d3d   Thumb Code    84  iic.o(i.A3_i2cRead_2)
    ACCEL_Calibration                        0x08001d91   Thumb Code   688  imutask.o(i.ACCEL_Calibration)
    ACCEL_Filter                             0x0800207d   Thumb Code   172  imutask.o(i.ACCEL_Filter)
    AHRSUpdate_GraDes_Delay_Corretion        0x08002135   Thumb Code  3498  imutask.o(i.AHRSUpdate_GraDes_Delay_Corretion)
    AS5600_Read_12                           0x08002f11   Thumb Code    92  chassis_task.o(i.AS5600_Read_12)
    AS5600_angle_calculate                   0x08002f6d   Thumb Code   148  chassis_task.o(i.AS5600_angle_calculate)
    Acce_Correct_Filter                      0x08003005   Thumb Code    16  filter_control.o(i.Acce_Correct_Filter)
    Accel_calibration_get                    0x08003019   Thumb Code   246  imutask.o(i.Accel_calibration_get)
    Atti2Mat_d                               0x08003129   Thumb Code   974  filter_control.o(i.Atti2Mat_d)
    BSP_Init                                 0x08003501   Thumb Code   238  start_task.o(i.BSP_Init)
    BusFault_Handler                         0x080035f9   Thumb Code     4  stm32f4xx_it.o(i.BusFault_Handler)
    CAN1_Mode_Init                           0x080035fd   Thumb Code   246  can1.o(i.CAN1_Mode_Init)
    CAN1_RX0_IRQHandler                      0x080036fd   Thumb Code   404  can_receive.o(i.CAN1_RX0_IRQHandler)
    CAN2_Mode_Init                           0x080038a1   Thumb Code   260  can2.o(i.CAN2_Mode_Init)
    CAN2_RX1_IRQHandler                      0x080039ad   Thumb Code   548  can_receive.o(i.CAN2_RX1_IRQHandler)
    CAN_CMD_CHASSIS_Clamp                    0x08003be5   Thumb Code    80  can_receive.o(i.CAN_CMD_CHASSIS_Clamp)
    CAN_CMD_CHASSIS_Helm                     0x08003c39   Thumb Code    94  can_receive.o(i.CAN_CMD_CHASSIS_Helm)
    CAN_CMD_CHASSIS_POWER                    0x08003c9d   Thumb Code    94  can_receive.o(i.CAN_CMD_CHASSIS_POWER)
    CAN_ClearFlag                            0x08003d01   Thumb Code    52  stm32f4xx_can.o(i.CAN_ClearFlag)
    CAN_FilterInit                           0x08003d39   Thumb Code   258  stm32f4xx_can.o(i.CAN_FilterInit)
    CAN_ITConfig                             0x08003e41   Thumb Code    18  stm32f4xx_can.o(i.CAN_ITConfig)
    CAN_Init                                 0x08003e53   Thumb Code   276  stm32f4xx_can.o(i.CAN_Init)
    CAN_Receive                              0x08003f67   Thumb Code   240  stm32f4xx_can.o(i.CAN_Receive)
    CAN_Transmit                             0x08004057   Thumb Code   294  stm32f4xx_can.o(i.CAN_Transmit)
    Chebyshev50HzLPF                         0x0800417d   Thumb Code   312  filter_control.o(i.Chebyshev50HzLPF)
    ControlInfo                              0x080042bd   Thumb Code   198  chassis_task.o(i.ControlInfo)
    DMA_ClearFlag                            0x08004391   Thumb Code    38  stm32f4xx_dma.o(i.DMA_ClearFlag)
    DMA_ClearITPendingBit                    0x080043c5   Thumb Code    38  stm32f4xx_dma.o(i.DMA_ClearITPendingBit)
    DMA_Cmd                                  0x080043f9   Thumb Code    22  stm32f4xx_dma.o(i.DMA_Cmd)
    DMA_DeInit                               0x08004411   Thumb Code   324  stm32f4xx_dma.o(i.DMA_DeInit)
    DMA_DoubleBufferModeCmd                  0x08004569   Thumb Code    22  stm32f4xx_dma.o(i.DMA_DoubleBufferModeCmd)
    DMA_DoubleBufferModeConfig               0x0800457f   Thumb Code    24  stm32f4xx_dma.o(i.DMA_DoubleBufferModeConfig)
    DMA_GetCurrDataCounter                   0x08004597   Thumb Code     8  stm32f4xx_dma.o(i.DMA_GetCurrDataCounter)
    DMA_GetCurrentMemoryTarget               0x0800459f   Thumb Code    20  stm32f4xx_dma.o(i.DMA_GetCurrentMemoryTarget)
    DMA_Init                                 0x080045b5   Thumb Code    82  stm32f4xx_dma.o(i.DMA_Init)
    DMA_SetCurrDataCounter                   0x0800460d   Thumb Code     4  stm32f4xx_dma.o(i.DMA_SetCurrDataCounter)
    DMA_StructInit                           0x08004611   Thumb Code    34  stm32f4xx_dma.o(i.DMA_StructInit)
    DataOutput                               0x08004635   Thumb Code   546  chassis_task.o(i.DataOutput)
    DebugMon_Handler                         0x08004875   Thumb Code     2  stm32f4xx_it.o(i.DebugMon_Handler)
    DetectHook                               0x08004879   Thumb Code   288  detect_task.o(i.DetectHook)
    Device_Usart1_ENABLE_Init                0x08004b1d   Thumb Code   464  usart.o(i.Device_Usart1_ENABLE_Init)
    FLASH_ClearFlag                          0x08004d09   Thumb Code     6  stm32f4xx_flash.o(i.FLASH_ClearFlag)
    FLASH_EraseSector                        0x08004d15   Thumb Code   130  stm32f4xx_flash.o(i.FLASH_EraseSector)
    FLASH_GetStatus                          0x08004d9d   Thumb Code    80  stm32f4xx_flash.o(i.FLASH_GetStatus)
    FLASH_Lock                               0x08004df1   Thumb Code    14  stm32f4xx_flash.o(i.FLASH_Lock)
    FLASH_ProgramByte                        0x08004e05   Thumb Code    70  stm32f4xx_flash.o(i.FLASH_ProgramByte)
    FLASH_Unlock                             0x08004e51   Thumb Code    24  stm32f4xx_flash.o(i.FLASH_Unlock)
    FLASH_WaitForLastOperation               0x08004e75   Thumb Code    34  stm32f4xx_flash.o(i.FLASH_WaitForLastOperation)
    FlashAllEraseBoot                        0x08004e97   Thumb Code    26  bsp_flash.o(i.FlashAllEraseBoot)
    FlashReadK                               0x08004eb1   Thumb Code    24  bsp_flash.o(i.FlashReadK)
    FlashWriteK                              0x08004ecd   Thumb Code    48  bsp_flash.o(i.FlashWriteK)
    GPIO_Init                                0x08004f01   Thumb Code   144  stm32f4xx_gpio.o(i.GPIO_Init)
    GPIO_PinAFConfig                         0x08004f91   Thumb Code    70  stm32f4xx_gpio.o(i.GPIO_PinAFConfig)
    GPIO_ReadInputDataBit                    0x08004fd7   Thumb Code    18  stm32f4xx_gpio.o(i.GPIO_ReadInputDataBit)
    GPIO_ResetBits                           0x08004fe9   Thumb Code     4  stm32f4xx_gpio.o(i.GPIO_ResetBits)
    GPIO_SetBits                             0x08004fed   Thumb Code     4  stm32f4xx_gpio.o(i.GPIO_SetBits)
    GYRO_Filter                              0x08004ff1   Thumb Code   152  imutask.o(i.GYRO_Filter)
    Get_Sys_Ticks                            0x08005091   Thumb Code    94  mpu_time_init.o(i.Get_Sys_Ticks)
    Gyro_Correct_Filter                      0x080050f9   Thumb Code   104  filter_control.o(i.Gyro_Correct_Filter)
    HardFault_Handler                        0x08005171   Thumb Code     4  stm32f4xx_it.o(i.HardFault_Handler)
    HighPass                                 0x08005175   Thumb Code   300  chassis_task.o(i.HighPass)
    IMU_Calibration                          0x080052a1   Thumb Code   134  imutask.o(i.IMU_Calibration)
    IMU_task                                 0x0800533d   Thumb Code   124  imutask.o(i.IMU_task)
    Interactive_task                         0x080053c9   Thumb Code    38  tx2_task.o(i.Interactive_task)
    LED_Init                                 0x080053fd   Thumb Code   282  gpio.o(i.LED_Init)
    LightControl                             0x08005525   Thumb Code   280  chassis_task.o(i.LightControl)
    MPU6500_1_init                           0x08005655   Thumb Code   310  bsp_mpu9250_init.o(i.MPU6500_1_init)
    MPU6500_2_init                           0x0800578b   Thumb Code   310  bsp_mpu9250_init.o(i.MPU6500_2_init)
    MPU6500_Init                             0x080058c1   Thumb Code    26  bsp_mpu9250_init.o(i.MPU6500_Init)
    MPU9250_Get_Accelerometer                0x080058db   Thumb Code   178  bsp_mpu9250_init.o(i.MPU9250_Get_Accelerometer)
    MPU9250_Get_Gyroscope                    0x0800598d   Thumb Code   220  bsp_mpu9250_init.o(i.MPU9250_Get_Gyroscope)
    MPU9250_Get_Temperature                  0x08005a69   Thumb Code    94  bsp_mpu9250_init.o(i.MPU9250_Get_Temperature)
    MPU9250_Read_Byte                        0x08005ad9   Thumb Code    78  bsp_mpu9250_init.o(i.MPU9250_Read_Byte)
    MPU9250_Read_Len                         0x08005b2d   Thumb Code   116  bsp_mpu9250_init.o(i.MPU9250_Read_Len)
    MPU9250_Write_Byte                       0x08005ba5   Thumb Code    76  bsp_mpu9250_init.o(i.MPU9250_Write_Byte)
    MPU_SPI_Configuration                    0x08005bf5   Thumb Code   142  bsp_mpu9250_init.o(i.MPU_SPI_Configuration)
    Mat2Quat                                 0x08005c89   Thumb Code  3628  filter_control.o(i.Mat2Quat)
    Mat_Trans_d                              0x08006abd   Thumb Code    98  filter_control.o(i.Mat_Trans_d)
    MemManage_Handler                        0x08006b1f   Thumb Code     4  stm32f4xx_it.o(i.MemManage_Handler)
    Motor_GPIO_Init                          0x08006b25   Thumb Code    98  motor.o(i.Motor_GPIO_Init)
    Motor_PWM_Init                           0x08006b91   Thumb Code   284  motor.o(i.Motor_PWM_Init)
    MoveInfo                                 0x08006cb9   Thumb Code   724  chassis_task.o(i.MoveInfo)
    NMI_Handler                              0x08006f9d   Thumb Code     2  stm32f4xx_it.o(i.NMI_Handler)
    NVIC_Init                                0x08006fa1   Thumb Code   106  misc.o(i.NVIC_Init)
    NVIC_PriorityGroupConfig                 0x08007019   Thumb Code    10  misc.o(i.NVIC_PriorityGroupConfig)
    PID_calc                                 0x0800702d   Thumb Code   492  pid.o(i.PID_calc)
    PID_init                                 0x0800721d   Thumb Code    92  pid.o(i.PID_init)
    RCC_AHB1PeriphClockCmd                   0x0800727d   Thumb Code    26  stm32f4xx_rcc.o(i.RCC_AHB1PeriphClockCmd)
    RCC_APB1PeriphClockCmd                   0x0800729d   Thumb Code    26  stm32f4xx_rcc.o(i.RCC_APB1PeriphClockCmd)
    RCC_APB1PeriphResetCmd                   0x080072bd   Thumb Code    26  stm32f4xx_rcc.o(i.RCC_APB1PeriphResetCmd)
    RCC_APB2PeriphClockCmd                   0x080072dd   Thumb Code    26  stm32f4xx_rcc.o(i.RCC_APB2PeriphClockCmd)
    RCC_APB2PeriphResetCmd                   0x080072fd   Thumb Code    26  stm32f4xx_rcc.o(i.RCC_APB2PeriphResetCmd)
    RCC_GetClocksFreq                        0x0800731d   Thumb Code   214  stm32f4xx_rcc.o(i.RCC_GetClocksFreq)
    RC_Init                                  0x08007405   Thumb Code   320  rc.o(i.RC_Init)
    RC_data_is_error                         0x08007615   Thumb Code   146  remote_control.o(i.RC_data_is_error)
    RC_restart                               0x080076ad   Thumb Code    70  rc.o(i.RC_restart)
    RELAY_Init                               0x08007705   Thumb Code    84  gpio.o(i.RELAY_Init)
    SPI1_Init                                0x08007839   Thumb Code   186  mpu_spi_init.o(i.SPI1_Init)
    SPI1_ReadWriteByte                       0x080078fd   Thumb Code    50  mpu_spi_init.o(i.SPI1_ReadWriteByte)
    SPI_Cmd                                  0x08007935   Thumb Code    24  stm32f4xx_spi.o(i.SPI_Cmd)
    SPI_I2S_GetFlagStatus                    0x0800794d   Thumb Code    18  stm32f4xx_spi.o(i.SPI_I2S_GetFlagStatus)
    SPI_I2S_ReceiveData                      0x0800795f   Thumb Code     6  stm32f4xx_spi.o(i.SPI_I2S_ReceiveData)
    SPI_I2S_SendData                         0x08007965   Thumb Code     4  stm32f4xx_spi.o(i.SPI_I2S_SendData)
    SPI_Init                                 0x08007969   Thumb Code    60  stm32f4xx_spi.o(i.SPI_Init)
    SysTick_CLKSourceConfig                  0x08007ad1   Thumb Code    40  misc.o(i.SysTick_CLKSourceConfig)
    SysTick_Handler                          0x08007af9   Thumb Code    16  delay.o(i.SysTick_Handler)
    SystemInit                               0x08007b09   Thumb Code    88  system_stm32f4xx.o(i.SystemInit)
    TIM3_IRQHandler                          0x08007b71   Thumb Code    34  time3.o(i.TIM3_IRQHandler)
    TIM4_IRQHandler                          0x08007b9d   Thumb Code    34  time7.o(i.TIM4_IRQHandler)
    TIM5_IRQHandler                          0x08007bc9   Thumb Code    66  encoder.o(i.TIM5_IRQHandler)
    TIM_ARRPreloadConfig                     0x08007c19   Thumb Code    24  stm32f4xx_tim.o(i.TIM_ARRPreloadConfig)
    TIM_ClearITPendingBit                    0x08007c31   Thumb Code     6  stm32f4xx_tim.o(i.TIM_ClearITPendingBit)
    TIM_Cmd                                  0x08007c37   Thumb Code    24  stm32f4xx_tim.o(i.TIM_Cmd)
    TIM_GetITStatus                          0x08007c4f   Thumb Code    34  stm32f4xx_tim.o(i.TIM_GetITStatus)
    TIM_OC1Init                              0x08007c71   Thumb Code   114  stm32f4xx_tim.o(i.TIM_OC1Init)
    TIM_OC1PreloadConfig                     0x08007ced   Thumb Code    18  stm32f4xx_tim.o(i.TIM_OC1PreloadConfig)
    TIM_OC2Init                              0x08007d01   Thumb Code   154  stm32f4xx_tim.o(i.TIM_OC2Init)
    TIM_OC2PreloadConfig                     0x08007da5   Thumb Code    26  stm32f4xx_tim.o(i.TIM_OC2PreloadConfig)
    TIM_OC3Init                              0x08007dc1   Thumb Code   150  stm32f4xx_tim.o(i.TIM_OC3Init)
    TIM_OC3PreloadConfig                     0x08007e61   Thumb Code    18  stm32f4xx_tim.o(i.TIM_OC3PreloadConfig)
    TIM_OC4Init                              0x08007e75   Thumb Code   112  stm32f4xx_tim.o(i.TIM_OC4Init)
    TIM_OC4PreloadConfig                     0x08007eed   Thumb Code    26  stm32f4xx_tim.o(i.TIM_OC4PreloadConfig)
    TIM_SetCompare3                          0x08007f07   Thumb Code     4  stm32f4xx_tim.o(i.TIM_SetCompare3)
    TIM_SetCompare4                          0x08007f0b   Thumb Code     4  stm32f4xx_tim.o(i.TIM_SetCompare4)
    TIM_TimeBaseInit                         0x08007f11   Thumb Code   104  stm32f4xx_tim.o(i.TIM_TimeBaseInit)
    Tx2_task                                 0x08007f95   Thumb Code   122  tx2_task.o(i.Tx2_task)
    UART5_IRQHandler                         0x08008025   Thumb Code   442  bizhang.o(i.UART5_IRQHandler)
    USART1_IRQHandler                        0x0800821d   Thumb Code   336  usart.o(i.USART1_IRQHandler)
    USART2_IRQHandler                        0x08008389   Thumb Code   240  remote_control.o(i.USART2_IRQHandler)
    USART3_IRQHandler                        0x08008491   Thumb Code   232  ros_to_stm32.o(i.USART3_IRQHandler)
    USART_ClearFlag                          0x08008599   Thumb Code    18  stm32f4xx_usart.o(i.USART_ClearFlag)
    USART_ClearITPendingBit                  0x080085ab   Thumb Code    30  stm32f4xx_usart.o(i.USART_ClearITPendingBit)
    USART_ClockInit                          0x080085c9   Thumb Code    32  stm32f4xx_usart.o(i.USART_ClockInit)
    USART_ClockStructInit                    0x080085e9   Thumb Code    12  stm32f4xx_usart.o(i.USART_ClockStructInit)
    USART_Cmd                                0x080085f5   Thumb Code    24  stm32f4xx_usart.o(i.USART_Cmd)
    USART_DMACmd                             0x0800860d   Thumb Code    18  stm32f4xx_usart.o(i.USART_DMACmd)
    USART_DeInit                             0x08008621   Thumb Code   206  stm32f4xx_usart.o(i.USART_DeInit)
    USART_GetFlagStatus                      0x08008711   Thumb Code    26  stm32f4xx_usart.o(i.USART_GetFlagStatus)
    USART_GetITStatus                        0x0800872b   Thumb Code    84  stm32f4xx_usart.o(i.USART_GetITStatus)
    USART_ITConfig                           0x0800877f   Thumb Code    74  stm32f4xx_usart.o(i.USART_ITConfig)
    USART_Init                               0x080087c9   Thumb Code   204  stm32f4xx_usart.o(i.USART_Init)
    USART_ReceiveData                        0x0800889d   Thumb Code    10  stm32f4xx_usart.o(i.USART_ReceiveData)
    USART_SendData                           0x080088a7   Thumb Code     8  stm32f4xx_usart.o(i.USART_SendData)
    USART_StructInit                         0x080088af   Thumb Code    24  stm32f4xx_usart.o(i.USART_StructInit)
    UsageFault_Handler                       0x080088c7   Thumb Code     4  stm32f4xx_it.o(i.UsageFault_Handler)
    __0printf$3                              0x080088cd   Thumb Code    22  printf3.o(i.__0printf$3)
    __1printf$3                              0x080088cd   Thumb Code     0  printf3.o(i.__0printf$3)
    __2printf                                0x080088cd   Thumb Code     0  printf3.o(i.__0printf$3)
    __ARM_fpclassify                         0x080088ed   Thumb Code    48  fpclassify.o(i.__ARM_fpclassify)
    __hardfp_asin                            0x08008921   Thumb Code   770  asin.o(i.__hardfp_asin)
    __hardfp_atan                            0x08008c81   Thumb Code   622  atan.o(i.__hardfp_atan)
    __hardfp_atan2                           0x08008f59   Thumb Code   448  atan2.o(i.__hardfp_atan2)
    __hardfp_cos                             0x08009159   Thumb Code   180  cos.o(i.__hardfp_cos)
    __hardfp_fabs                            0x08009221   Thumb Code    20  fabs.o(i.__hardfp_fabs)
    __hardfp_sin                             0x08009239   Thumb Code   180  sin.o(i.__hardfp_sin)
    __hardfp_sqrt                            0x08009301   Thumb Code   122  sqrt_full.o(i.__hardfp_sqrt)
    __ieee754_rem_pio2                       0x08009381   Thumb Code   938  rred.o(i.__ieee754_rem_pio2)
    __kernel_cos                             0x080097b9   Thumb Code   322  cos_i.o(i.__kernel_cos)
    __kernel_poly                            0x08009929   Thumb Code   248  poly.o(i.__kernel_poly)
    __kernel_sin                             0x08009a21   Thumb Code   280  sin_i.o(i.__kernel_sin)
    __mathlib_dbl_infnan                     0x08009b51   Thumb Code    20  dunder.o(i.__mathlib_dbl_infnan)
    __mathlib_dbl_infnan2                    0x08009b65   Thumb Code    20  dunder.o(i.__mathlib_dbl_infnan2)
    __mathlib_dbl_invalid                    0x08009b79   Thumb Code    24  dunder.o(i.__mathlib_dbl_invalid)
    __mathlib_dbl_underflow                  0x08009b99   Thumb Code    24  dunder.o(i.__mathlib_dbl_underflow)
    __scatterload_copy                       0x08009bb9   Thumb Code    14  handlers.o(i.__scatterload_copy)
    __scatterload_null                       0x08009bc7   Thumb Code     2  handlers.o(i.__scatterload_null)
    __scatterload_zeroinit                   0x08009bc9   Thumb Code    14  handlers.o(i.__scatterload_zeroinit)
    __set_errno                              0x08009bd9   Thumb Code     6  errno.o(i.__set_errno)
    accel_data_update                        0x08009d9d   Thumb Code   124  accelerometer_calibration.o(i.accel_data_update)
    accel_mat_init                           0x08009e25   Thumb Code   332  accelerometer_calibration.o(i.accel_mat_init)
    atan                                     0x08009fc1   Thumb Code    16  atan.o(i.atan)
    bizhang_Usart                            0x08009fd1   Thumb Code   418  bizhang_usart.o(i.bizhang_Usart)
    bizhang_Usart_init                       0x0800a185   Thumb Code    16  bizhang.o(i.bizhang_Usart_init)
    caculate_mat                             0x0800a199   Thumb Code   138  accelerometer_calibration.o(i.caculate_mat)
    cali_accel_para                          0x0800a22d   Thumb Code   250  accelerometer_calibration.o(i.cali_accel_para)
    cali_fenction                            0x0800a351   Thumb Code     8  accelerometer_calibration.o(i.cali_fenction)
    chassis_task                             0x0800a739   Thumb Code   170  chassis_task.o(i.chassis_task)
    delay_init                               0x0800a801   Thumb Code    58  delay.o(i.delay_init)
    delay_ms                                 0x0800a845   Thumb Code    60  delay.o(i.delay_ms)
    delay_us                                 0x0800a885   Thumb Code    68  delay.o(i.delay_us)
    detect_task                              0x0800a8cd   Thumb Code   596  detect_task.o(i.detect_task)
    fabs                                     0x0800ab35   Thumb Code    24  fabs.o(i.fabs)
    fputc                                    0x0800ab4d   Thumb Code    22  usart.o(i.fputc)
    get_Chassis_power_Motor_Measure_Point    0x0800ab69   Thumb Code    18  can_receive.o(i.get_Chassis_power_Motor_Measure_Point)
    get_crc8_check_sum                       0x0800ab81   Thumb Code    32  protocol.o(i.get_crc8_check_sum)
    get_remote_control_point                 0x0800aba5   Thumb Code     4  remote_control.o(i.get_remote_control_point)
    get_sensor_Distance_point                0x0800abad   Thumb Code     4  bizhang.o(i.get_sensor_Distance_point)
    invSqrt                                  0x0800abc5   Thumb Code    56  user_lib.o(i.invSqrt)
    jiguang_task                             0x0800ac01   Thumb Code   212  jiguang_task.o(i.jiguang_task)
    main                                     0x0800aced   Thumb Code    84  main.o(i.main)
    mpu_delay_ms                             0x0800ad49   Thumb Code    28  mpu_delay.o(i.mpu_delay_ms)
    my_sqrt                                  0x0800ad65   Thumb Code    88  filter_control.o(i.my_sqrt)
    osKernelSysTick                          0x0800adc1   Thumb Code    20  cmsis_os.o(i.osKernelSysTick)
    pvPortMalloc                             0x0800b8e5   Thumb Code   262  heap_4.o(i.pvPortMalloc)
    pvTaskIncrementMutexHeldCount            0x0800ba39   Thumb Code    26  tasks.o(i.pvTaskIncrementMutexHeldCount)
    pxPortInitialiseStack                    0x0800ba59   Thumb Code    38  port.o(i.pxPortInitialiseStack)
    remote_control_init                      0x0800ba85   Thumb Code    16  remote_control.o(i.remote_control_init)
    ros_to_stm32_init                        0x0800ba99   Thumb Code   176  ros_to_stm32.o(i.ros_to_stm32_init)
    ros_to_stm32_output                      0x0800bb55   Thumb Code    26  ros_to_stm32.o(i.ros_to_stm32_output)
    slove_data_error                         0x0800bb7d   Thumb Code    10  remote_control.o(i.slove_data_error)
    sqrt                                     0x0800bb87   Thumb Code   110  sqrt_full.o(i.sqrt)
    startTask                                0x0800bbf5   Thumb Code    28  start_task.o(i.startTask)
    start_task                               0x0800bc25   Thumb Code   146  start_task.o(i.start_task)
    uxListRemove                             0x0800bd45   Thumb Code    40  list.o(i.uxListRemove)
    uxTaskGetStackHighWaterMark              0x0800bd6d   Thumb Code    34  tasks.o(i.uxTaskGetStackHighWaterMark)
    vListInitialise                          0x0800bd95   Thumb Code    26  list.o(i.vListInitialise)
    vListInitialiseItem                      0x0800bdaf   Thumb Code     6  list.o(i.vListInitialiseItem)
    vListInsert                              0x0800bdb5   Thumb Code    52  list.o(i.vListInsert)
    vListInsertEnd                           0x0800bde9   Thumb Code    24  list.o(i.vListInsertEnd)
    vPortEnterCritical                       0x0800be01   Thumb Code    68  port.o(i.vPortEnterCritical)
    vPortExitCritical                        0x0800be89   Thumb Code    48  port.o(i.vPortExitCritical)
    vPortFree                                0x0800bef9   Thumb Code   120  heap_4.o(i.vPortFree)
    vPortSetupTimerInterrupt                 0x0800bfb1   Thumb Code    26  port.o(i.vPortSetupTimerInterrupt)
    vPortValidateInterruptPriority           0x0800bfd1   Thumb Code    86  port.o(i.vPortValidateInterruptPriority)
    vQueueAddToRegistry                      0x0800c071   Thumb Code    38  queue.o(i.vQueueAddToRegistry)
    vQueueWaitForMessageRestricted           0x0800c09d   Thumb Code    74  queue.o(i.vQueueWaitForMessageRestricted)
    vTaskDelay                               0x0800c0e9   Thumb Code    72  tasks.o(i.vTaskDelay)
    vTaskDelete                              0x0800c15d   Thumb Code   192  tasks.o(i.vTaskDelete)
    vTaskMissedYield                         0x0800c269   Thumb Code     8  tasks.o(i.vTaskMissedYield)
    vTaskPlaceOnEventList                    0x0800c275   Thumb Code    42  tasks.o(i.vTaskPlaceOnEventList)
    vTaskPlaceOnEventListRestricted          0x0800c2c9   Thumb Code    50  tasks.o(i.vTaskPlaceOnEventListRestricted)
    vTaskPriorityInherit                     0x0800c325   Thumb Code   164  tasks.o(i.vTaskPriorityInherit)
    vTaskSetTimeOutState                     0x0800c3d5   Thumb Code    32  tasks.o(i.vTaskSetTimeOutState)
    vTaskStartScheduler                      0x0800c421   Thumb Code   108  tasks.o(i.vTaskStartScheduler)
    vTaskSuspendAll                          0x0800c4cd   Thumb Code    12  tasks.o(i.vTaskSuspendAll)
    vTaskSwitchContext                       0x0800c4dd   Thumb Code   110  tasks.o(i.vTaskSwitchContext)
    verify_crc8_check_sum                    0x0800c585   Thumb Code    48  protocol.o(i.verify_crc8_check_sum)
    xPortStartScheduler                      0x0800c5b5   Thumb Code   258  port.o(i.xPortStartScheduler)
    xPortSysTickHandler                      0x0800c711   Thumb Code    46  port.o(i.xPortSysTickHandler)
    xQueueGenericCreate                      0x0800c745   Thumb Code    78  queue.o(i.xQueueGenericCreate)
    xQueueGenericReceive                     0x0800c7b9   Thumb Code   416  queue.o(i.xQueueGenericReceive)
    xQueueGenericReset                       0x0800c981   Thumb Code   136  queue.o(i.xQueueGenericReset)
    xQueueGenericSend                        0x0800ca31   Thumb Code   412  queue.o(i.xQueueGenericSend)
    xQueueGenericSendFromISR                 0x0800cbf5   Thumb Code   234  queue.o(i.xQueueGenericSendFromISR)
    xTaskCheckForTimeOut                     0x0800cd05   Thumb Code   116  tasks.o(i.xTaskCheckForTimeOut)
    xTaskCreate                              0x0800cda5   Thumb Code    96  tasks.o(i.xTaskCreate)
    xTaskGetSchedulerState                   0x0800ce05   Thumb Code    24  tasks.o(i.xTaskGetSchedulerState)
    xTaskGetTickCount                        0x0800ce25   Thumb Code     6  tasks.o(i.xTaskGetTickCount)
    xTaskGetTickCountFromISR                 0x0800ce31   Thumb Code    16  tasks.o(i.xTaskGetTickCountFromISR)
    xTaskIncrementTick                       0x0800ce45   Thumb Code   272  tasks.o(i.xTaskIncrementTick)
    xTaskPriorityDisinherit                  0x0800cfa5   Thumb Code   168  tasks.o(i.xTaskPriorityDisinherit)
    xTaskRemoveFromEventList                 0x0800d07d   Thumb Code   118  tasks.o(i.xTaskRemoveFromEventList)
    xTaskResumeAll                           0x0800d131   Thumb Code   214  tasks.o(i.xTaskResumeAll)
    xTimerCreateTimerTask                    0x0800d251   Thumb Code    56  timers.o(i.xTimerCreateTimerTask)
    xTimerGenericCommand                     0x0800d2c5   Thumb Code   118  timers.o(i.xTimerGenericCommand)
    yuyin_Init                               0x0800d369   Thumb Code    90  gpio.o(i.yuyin_Init)
    CRC8_INIT                                0x0800d3cc   Data           1  protocol.o(.constdata)
    CRC8_TAB                                 0x0800d3cd   Data         256  protocol.o(.constdata)
    wCRC_Table                               0x0800d4ce   Data         512  protocol.o(.constdata)
    INIT_ECODE                               0x0800d6d0   Data           8  chassis_task.o(.constdata)
    RAD_TO_ECD                               0x0800d6d8   Data           4  chassis_task.o(.constdata)
    NL                                       0x0800d7a0   Data           4  filter_control.o(.constdata)
    NUM                                      0x0800d7a8   Data         152  filter_control.o(.constdata)
    DL                                       0x0800d840   Data           4  filter_control.o(.constdata)
    DEN                                      0x0800d848   Data         152  filter_control.o(.constdata)
    __mathlib_zero                           0x0800d9f8   Data           8  qnan.o(.constdata)
    Region$$Table$$Base                      0x0800daf0   Number         0  anon$$obj.o(Region$$Table)
    Region$$Table$$Limit                     0x0800db10   Number         0  anon$$obj.o(Region$$Table)
    SystemCoreClock                          0x20000000   Data           4  system_stm32f4xx.o(.data)
    AHBPrescTable                            0x20000004   Data          16  system_stm32f4xx.o(.data)
    TxCOM1                                   0x20000018   Data           4  usart.o(.data)
    RxCOM1                                   0x2000001c   Data           4  usart.o(.data)
    c1                                       0x20000020   Data           4  usart.o(.data)
    a1                                       0x20000024   Data           4  usart.o(.data)
    c2                                       0x20000028   Data           4  usart.o(.data)
    a2                                       0x2000002c   Data           4  usart.o(.data)
    __stdout                                 0x20000030   Data           4  usart.o(.data)
    pxCurrentTCB                             0x20000048   Data           4  tasks.o(.data)
    TIM3_count                               0x200000bc   Data           4  time3.o(.data)
    INPUTMOD                                 0x200000c0   Data           1  remote_control.o(.data)
    Q_Flag                                   0x200000c1   Data           1  remote_control.o(.data)
    E_Flag                                   0x200000c2   Data           1  remote_control.o(.data)
    F_Flag                                   0x200000c3   Data           1  remote_control.o(.data)
    G_Flag                                   0x200000c4   Data           1  remote_control.o(.data)
    V_Flag                                   0x200000c5   Data           1  remote_control.o(.data)
    R_Flag                                   0x200000c6   Data           1  remote_control.o(.data)
    MOU_LEFT_F                               0x200000c7   Data           1  remote_control.o(.data)
    MOU_RIGH_F                               0x200000c8   Data           1  remote_control.o(.data)
    W_Flag                                   0x200000c9   Data           1  remote_control.o(.data)
    A_Flag                                   0x200000ca   Data           1  remote_control.o(.data)
    S_Flag                                   0x200000cb   Data           1  remote_control.o(.data)
    D_Flag                                   0x200000cc   Data           1  remote_control.o(.data)
    Shift_Flag                               0x200000cd   Data           1  remote_control.o(.data)
    Ctrl_Flag                                0x200000ce   Data           1  remote_control.o(.data)
    time4_count                              0x200000d4   Data           4  time7.o(.data)
    sensor_Distance                          0x200000d8   Data           2  bizhang.o(.data)
    rx_sum                                   0x200000da   Data           1  bizhang.o(.data)
    ii                                       0x200000db   Data           1  bizhang.o(.data)
    TIM5CH1_CAPTURE_STA                      0x200000e0   Data           1  encoder.o(.data)
    TIM5CH1_CAPTURE_VAL                      0x200000e4   Data           4  encoder.o(.data)
    EncodeCound                              0x200000e8   Data           4  encoder.o(.data)
    Distance                                 0x200000ec   Data           4  encoder.o(.data)
    i                                        0x200000f0   Data           4  encoder.o(.data)
    FLAG                                     0x200000f4   Data           4  encoder.o(.data)
    linear                                   0x200000f8   Data           4  ros_to_stm32.o(.data)
    angle                                    0x200000fc   Data           4  ros_to_stm32.o(.data)
    twist_linear                             0x20000104   Data           4  ros_to_stm32.o(.data)
    twist_angle                              0x20000108   Data           4  ros_to_stm32.o(.data)
    DetectTaskStack                          0x20000134   Data           4  detect_task.o(.data)
    Forecast_or_not                          0x20000140   Data           1  tx2_task.o(.data)
    TxTaskStack                              0x20000144   Data           4  tx2_task.o(.data)
    sendTaskStack                            0x20000148   Data           4  tx2_task.o(.data)
    USART5_TX_BUF                            0x2000014c   Data           9  jiguang_task.o(.data)
    a                                        0x20000158   Data           4  jiguang_task.o(.data)
    spi_rtx                                  0x20000160   Data          16  imutask.o(.data)
    last_yaw                                 0x20000170   Data           4  imutask.o(.data)
    timeText                                 0x20000174   Data           4  imutask.o(.data)
    K                                        0x200001a0   Data          12  imutask.o(.data)
    Accex_x                                  0x200001ac   Data           4  imutask.o(.data)
    IMUTaskStack                             0x200001b0   Data           4  imutask.o(.data)
    issu                                     0x200001b4   Data           2  imutask.o(.data)
    Calibrateion_id                          0x200001dc   Data           4  accelerometer_calibration.o(.data)
    ahat_T_data                              0x200001e0   Data          96  accelerometer_calibration.o(.data)
    ahat_data                                0x20000240   Data          96  accelerometer_calibration.o(.data)
    ahat_T                                   0x200002a0   Data           8  accelerometer_calibration.o(.data)
    ahat                                     0x200002a8   Data           8  accelerometer_calibration.o(.data)
    Ahat                                     0x200002b0   Data           8  accelerometer_calibration.o(.data)
    K_m                                      0x200002b8   Data           8  accelerometer_calibration.o(.data)
    uMat                                     0x200002c0   Data           8  accelerometer_calibration.o(.data)
    uMat_mius                                0x200002c8   Data           8  accelerometer_calibration.o(.data)
    P                                        0x200002d0   Data           8  accelerometer_calibration.o(.data)
    K_ca                                     0x200002d8   Data           8  accelerometer_calibration.o(.data)
    K_ca_mines                               0x200002e0   Data           8  accelerometer_calibration.o(.data)
    a_m                                      0x200002e8   Data           8  accelerometer_calibration.o(.data)
    fff                                      0x20000330   Data          10  usart.o(.bss)
    xQueueRegistry                           0x2000033c   Data          64  queue.o(.bss)
    rc_ctrl                                  0x20005688   Data          22  remote_control.o(.bss)
    sensor_Distance1                         0x2000570e   Data          20  bizhang.o(.bss)
    usart3_buffers                           0x20005722   Data          10  ros_to_stm32.o(.bss)
    motor_chassis_power                      0x2000572c   Data          96  can_receive.o(.bss)
    motor_chassis_helm                       0x2000578c   Data          96  can_receive.o(.bss)
    motor_clamp                              0x200057ec   Data          24  can_receive.o(.bss)
    chassis_move                             0x2000582c   Data        2484  chassis_task.o(.bss)
    absolute_chassis_speed                   0x200061e0   Data          64  chassis_task.o(.bss)
    chassis_6020_setangle                    0x20006220   Data          16  chassis_task.o(.bss)
    monitorList                              0x20006230   Data         432  detect_task.o(.bss)
    InterUpdate                              0x200063f0   Data          16  tx2_task.o(.bss)
    TX_vision_Mes                            0x20006400   Data          12  tx2_task.o(.bss)
    MPU9250_Real_Data                        0x2000640c   Data          40  imutask.o(.bss)
    MPU6500_Offest_data                      0x2000645c   Data          40  imutask.o(.bss)
    mpu6500_real_data                        0x20006484   Data          16  imutask.o(.bss)
    Angular_Handler                          0x20006494   Data          24  imutask.o(.bss)
    B                                        0x200064ac   Data          12  imutask.o(.bss)
    Acce_BufferData                          0x20006548   Data          72  filter_control.o(.bss)
    Acce_Fiter_t                             0x20006590   Data        1776  filter_control.o(.bss)
    Gyro_Fiter_t                             0x20006c80   Data        1776  filter_control.o(.bss)
    Gyro_BufferData                          0x20007370   Data          72  filter_control.o(.bss)
    Ahat_data                                0x200073b8   Data          72  accelerometer_calibration.o(.bss)
    K_m_data                                 0x20007400   Data          48  accelerometer_calibration.o(.bss)
    uMat_data                                0x20007430   Data          64  accelerometer_calibration.o(.bss)
    uMat_mius_data                           0x20007470   Data          64  accelerometer_calibration.o(.bss)
    P_data                                   0x200074b0   Data          96  accelerometer_calibration.o(.bss)
    K_ca_data                                0x20007510   Data          36  accelerometer_calibration.o(.bss)
    a_data                                   0x20007534   Data          12  accelerometer_calibration.o(.bss)
    K_ca_mines_data                          0x20007540   Data          36  accelerometer_calibration.o(.bss)
    __initial_sp                             0x20007968   Data           0  startup_stm32f40_41xxx.o(STACK)



==============================================================================

Memory Map of the image

  Image Entry point : 0x08000189

  Load Region LR_IROM1 (Base: 0x08000000, Size: 0x0000de04, Max: 0x00100000, ABSOLUTE, COMPRESSED[0x0000db70])

    Execution Region ER_IROM1 (Exec base: 0x08000000, Load base: 0x08000000, Size: 0x0000db10, Max: 0x00100000, ABSOLUTE)

    Exec Addr    Load Addr    Size         Type   Attr      Idx    E Section Name        Object

    0x08000000   0x08000000   0x00000188   Data   RO          535    RESET               startup_stm32f40_41xxx.o
    0x08000188   0x08000188   0x00000000   Code   RO         8722  * .ARM.Collect$$$$00000000  mc_w.l(entry.o)
    0x08000188   0x08000188   0x00000004   Code   RO         9065    .ARM.Collect$$$$00000001  mc_w.l(entry2.o)
    0x0800018c   0x0800018c   0x00000004   Code   RO         9068    .ARM.Collect$$$$00000004  mc_w.l(entry5.o)
    0x08000190   0x08000190   0x00000000   Code   RO         9070    .ARM.Collect$$$$00000008  mc_w.l(entry7b.o)
    0x08000190   0x08000190   0x00000000   Code   RO         9072    .ARM.Collect$$$$0000000A  mc_w.l(entry8b.o)
    0x08000190   0x08000190   0x00000008   Code   RO         9073    .ARM.Collect$$$$0000000B  mc_w.l(entry9a.o)
    0x08000198   0x08000198   0x00000004   Code   RO         9080    .ARM.Collect$$$$0000000E  mc_w.l(entry12b.o)
    0x0800019c   0x0800019c   0x00000000   Code   RO         9075    .ARM.Collect$$$$0000000F  mc_w.l(entry10a.o)
    0x0800019c   0x0800019c   0x00000000   Code   RO         9077    .ARM.Collect$$$$00000011  mc_w.l(entry11a.o)
    0x0800019c   0x0800019c   0x00000004   Code   RO         9066    .ARM.Collect$$$$00002712  mc_w.l(entry2.o)
    0x080001a0   0x080001a0   0x000000b6   Code   RO         6587    .emb_text           port.o
    0x08000256   0x08000256   0x00000002   PAD
    0x08000258   0x08000258   0x00000024   Code   RO          536    .text               startup_stm32f40_41xxx.o
    0x0800027c   0x0800027c   0x00000008   Code   RO         8560    .text               arm_cortexM4lf_math.lib(arm_mat_init_f32.o)
    0x08000284   0x08000284   0x00000530   Code   RO         8609    .text               arm_cortexM4lf_math.lib(arm_mat_inverse_f32.o)
    0x080007b4   0x080007b4   0x0000013c   Code   RO         8633    .text               arm_cortexM4lf_math.lib(arm_mat_mult_f32.o)
    0x080008f0   0x080008f0   0x00000024   Code   RO         8725    .text               mc_w.l(memcpya.o)
    0x08000914   0x08000914   0x00000024   Code   RO         8727    .text               mc_w.l(memseta.o)
    0x08000938   0x08000938   0x0000014e   Code   RO         8996    .text               mf_w.l(dadd.o)
    0x08000a86   0x08000a86   0x000000e4   Code   RO         8998    .text               mf_w.l(dmul.o)
    0x08000b6a   0x08000b6a   0x000000de   Code   RO         9000    .text               mf_w.l(ddiv.o)
    0x08000c48   0x08000c48   0x00000022   Code   RO         9004    .text               mf_w.l(dflti.o)
    0x08000c6a   0x08000c6a   0x0000001a   Code   RO         9006    .text               mf_w.l(dfltui.o)
    0x08000c84   0x08000c84   0x0000003e   Code   RO         9008    .text               mf_w.l(dfixi.o)
    0x08000cc2   0x08000cc2   0x00000026   Code   RO         9010    .text               mf_w.l(f2d.o)
    0x08000ce8   0x08000ce8   0x00000030   Code   RO         9012    .text               mf_w.l(cdcmple.o)
    0x08000d18   0x08000d18   0x00000030   Code   RO         9014    .text               mf_w.l(cdrcmple.o)
    0x08000d48   0x08000d48   0x00000038   Code   RO         9016    .text               mf_w.l(d2f.o)
    0x08000d80   0x08000d80   0x0000002c   Code   RO         9081    .text               mc_w.l(uidiv.o)
    0x08000dac   0x08000dac   0x0000001e   Code   RO         9085    .text               mc_w.l(llshl.o)
    0x08000dca   0x08000dca   0x00000020   Code   RO         9087    .text               mc_w.l(llushr.o)
    0x08000dea   0x08000dea   0x00000024   Code   RO         9089    .text               mc_w.l(llsshr.o)
    0x08000e0e   0x08000e0e   0x00000000   Code   RO         9098    .text               mc_w.l(iusefp.o)
    0x08000e0e   0x08000e0e   0x0000006e   Code   RO         9099    .text               mf_w.l(fepilogue.o)
    0x08000e7c   0x08000e7c   0x000000ba   Code   RO         9101    .text               mf_w.l(depilogue.o)
    0x08000f36   0x08000f36   0x000000a2   Code   RO         9103    .text               mf_w.l(dsqrt.o)
    0x08000fd8   0x08000fd8   0x00000024   Code   RO         9107    .text               mc_w.l(init.o)
    0x08000ffc   0x08000ffc   0x00000056   Code   RO         9117    .text               mc_w.l(__dczerorl2.o)
    0x08001052   0x08001052   0x00000002   PAD
    0x08001054   0x08001054   0x00000054   Code   RO         7089    i.A0_IIC_Ack        iic.o
    0x080010a8   0x080010a8   0x00000074   Code   RO         7090    i.A0_IIC_Init       iic.o
    0x0800111c   0x0800111c   0x00000054   Code   RO         7091    i.A0_IIC_NAck       iic.o
    0x08001170   0x08001170   0x00000078   Code   RO         7092    i.A0_IIC_Read_Byte  iic.o
    0x080011e8   0x080011e8   0x00000068   Code   RO         7093    i.A0_IIC_Send_Byte  iic.o
    0x08001250   0x08001250   0x0000004c   Code   RO         7094    i.A0_IIC_Start      iic.o
    0x0800129c   0x0800129c   0x0000004c   Code   RO         7095    i.A0_IIC_Stop       iic.o
    0x080012e8   0x080012e8   0x00000064   Code   RO         7096    i.A0_IIC_Wait_Ack   iic.o
    0x0800134c   0x0800134c   0x00000054   Code   RO         7097    i.A0_i2cRead_2      iic.o
    0x080013a0   0x080013a0   0x00000054   Code   RO         7098    i.A1_IIC_Ack        iic.o
    0x080013f4   0x080013f4   0x00000078   Code   RO         7099    i.A1_IIC_Init       iic.o
    0x0800146c   0x0800146c   0x00000054   Code   RO         7100    i.A1_IIC_NAck       iic.o
    0x080014c0   0x080014c0   0x00000078   Code   RO         7101    i.A1_IIC_Read_Byte  iic.o
    0x08001538   0x08001538   0x00000068   Code   RO         7102    i.A1_IIC_Send_Byte  iic.o
    0x080015a0   0x080015a0   0x0000004c   Code   RO         7103    i.A1_IIC_Start      iic.o
    0x080015ec   0x080015ec   0x0000004c   Code   RO         7104    i.A1_IIC_Stop       iic.o
    0x08001638   0x08001638   0x00000064   Code   RO         7105    i.A1_IIC_Wait_Ack   iic.o
    0x0800169c   0x0800169c   0x00000054   Code   RO         7106    i.A1_i2cRead_2      iic.o
    0x080016f0   0x080016f0   0x00000054   Code   RO         7107    i.A2_IIC_Ack        iic.o
    0x08001744   0x08001744   0x00000078   Code   RO         7108    i.A2_IIC_Init       iic.o
    0x080017bc   0x080017bc   0x00000054   Code   RO         7109    i.A2_IIC_NAck       iic.o
    0x08001810   0x08001810   0x00000078   Code   RO         7110    i.A2_IIC_Read_Byte  iic.o
    0x08001888   0x08001888   0x00000068   Code   RO         7111    i.A2_IIC_Send_Byte  iic.o
    0x080018f0   0x080018f0   0x0000004c   Code   RO         7112    i.A2_IIC_Start      iic.o
    0x0800193c   0x0800193c   0x0000004c   Code   RO         7113    i.A2_IIC_Stop       iic.o
    0x08001988   0x08001988   0x00000064   Code   RO         7114    i.A2_IIC_Wait_Ack   iic.o
    0x080019ec   0x080019ec   0x00000054   Code   RO         7115    i.A2_i2cRead_2      iic.o
    0x08001a40   0x08001a40   0x00000054   Code   RO         7116    i.A3_IIC_Ack        iic.o
    0x08001a94   0x08001a94   0x00000078   Code   RO         7117    i.A3_IIC_Init       iic.o
    0x08001b0c   0x08001b0c   0x00000054   Code   RO         7118    i.A3_IIC_NAck       iic.o
    0x08001b60   0x08001b60   0x00000078   Code   RO         7119    i.A3_IIC_Read_Byte  iic.o
    0x08001bd8   0x08001bd8   0x00000068   Code   RO         7120    i.A3_IIC_Send_Byte  iic.o
    0x08001c40   0x08001c40   0x0000004c   Code   RO         7121    i.A3_IIC_Start      iic.o
    0x08001c8c   0x08001c8c   0x0000004c   Code   RO         7122    i.A3_IIC_Stop       iic.o
    0x08001cd8   0x08001cd8   0x00000064   Code   RO         7123    i.A3_IIC_Wait_Ack   iic.o
    0x08001d3c   0x08001d3c   0x00000054   Code   RO         7124    i.A3_i2cRead_2      iic.o
    0x08001d90   0x08001d90   0x000002ec   Code   RO         8115    i.ACCEL_Calibration  imutask.o
    0x0800207c   0x0800207c   0x000000b8   Code   RO         8116    i.ACCEL_Filter      imutask.o
    0x08002134   0x08002134   0x00000ddc   Code   RO         8117    i.AHRSUpdate_GraDes_Delay_Corretion  imutask.o
    0x08002f10   0x08002f10   0x0000005c   Code   RO         7799    i.AS5600_Read_12    chassis_task.o
    0x08002f6c   0x08002f6c   0x00000098   Code   RO         7800    i.AS5600_angle_calculate  chassis_task.o
    0x08003004   0x08003004   0x00000014   Code   RO         8227    i.Acce_Correct_Filter  filter_control.o
    0x08003018   0x08003018   0x00000110   Code   RO         8118    i.Accel_calibration_get  imutask.o
    0x08003128   0x08003128   0x000003d8   Code   RO         8228    i.Atti2Mat_d        filter_control.o
    0x08003500   0x08003500   0x000000f8   Code   RO         7696    i.BSP_Init          start_task.o
    0x080035f8   0x080035f8   0x00000004   Code   RO          289    i.BusFault_Handler  stm32f4xx_it.o
    0x080035fc   0x080035fc   0x00000100   Code   RO         6805    i.CAN1_Mode_Init    can1.o
    0x080036fc   0x080036fc   0x000001a4   Code   RO         7730    i.CAN1_RX0_IRQHandler  can_receive.o
    0x080038a0   0x080038a0   0x0000010c   Code   RO         6825    i.CAN2_Mode_Init    can2.o
    0x080039ac   0x080039ac   0x00000238   Code   RO         7731    i.CAN2_RX1_IRQHandler  can_receive.o
    0x08003be4   0x08003be4   0x00000054   Code   RO         7732    i.CAN_CMD_CHASSIS_Clamp  can_receive.o
    0x08003c38   0x08003c38   0x00000064   Code   RO         7733    i.CAN_CMD_CHASSIS_Helm  can_receive.o
    0x08003c9c   0x08003c9c   0x00000064   Code   RO         7734    i.CAN_CMD_CHASSIS_POWER  can_receive.o
    0x08003d00   0x08003d00   0x00000038   Code   RO         1956    i.CAN_ClearFlag     stm32f4xx_can.o
    0x08003d38   0x08003d38   0x00000108   Code   RO         1961    i.CAN_FilterInit    stm32f4xx_can.o
    0x08003e40   0x08003e40   0x00000012   Code   RO         1967    i.CAN_ITConfig      stm32f4xx_can.o
    0x08003e52   0x08003e52   0x00000114   Code   RO         1968    i.CAN_Init          stm32f4xx_can.o
    0x08003f66   0x08003f66   0x000000f0   Code   RO         1971    i.CAN_Receive       stm32f4xx_can.o
    0x08004056   0x08004056   0x00000126   Code   RO         1976    i.CAN_Transmit      stm32f4xx_can.o
    0x0800417c   0x0800417c   0x00000140   Code   RO         8229    i.Chebyshev50HzLPF  filter_control.o
    0x080042bc   0x080042bc   0x000000d4   Code   RO         7801    i.ControlInfo       chassis_task.o
    0x08004390   0x08004390   0x00000034   Code   RO         2118    i.DMA_ClearFlag     stm32f4xx_dma.o
    0x080043c4   0x080043c4   0x00000034   Code   RO         2119    i.DMA_ClearITPendingBit  stm32f4xx_dma.o
    0x080043f8   0x080043f8   0x00000016   Code   RO         2120    i.DMA_Cmd           stm32f4xx_dma.o
    0x0800440e   0x0800440e   0x00000002   PAD
    0x08004410   0x08004410   0x00000158   Code   RO         2121    i.DMA_DeInit        stm32f4xx_dma.o
    0x08004568   0x08004568   0x00000016   Code   RO         2122    i.DMA_DoubleBufferModeCmd  stm32f4xx_dma.o
    0x0800457e   0x0800457e   0x00000018   Code   RO         2123    i.DMA_DoubleBufferModeConfig  stm32f4xx_dma.o
    0x08004596   0x08004596   0x00000008   Code   RO         2126    i.DMA_GetCurrDataCounter  stm32f4xx_dma.o
    0x0800459e   0x0800459e   0x00000014   Code   RO         2127    i.DMA_GetCurrentMemoryTarget  stm32f4xx_dma.o
    0x080045b2   0x080045b2   0x00000002   PAD
    0x080045b4   0x080045b4   0x00000058   Code   RO         2132    i.DMA_Init          stm32f4xx_dma.o
    0x0800460c   0x0800460c   0x00000004   Code   RO         2135    i.DMA_SetCurrDataCounter  stm32f4xx_dma.o
    0x08004610   0x08004610   0x00000022   Code   RO         2136    i.DMA_StructInit    stm32f4xx_dma.o
    0x08004632   0x08004632   0x00000002   PAD
    0x08004634   0x08004634   0x00000240   Code   RO         7802    i.DataOutput        chassis_task.o
    0x08004874   0x08004874   0x00000002   Code   RO          290    i.DebugMon_Handler  stm32f4xx_it.o
    0x08004876   0x08004876   0x00000002   PAD
    0x08004878   0x08004878   0x00000124   Code   RO         7889    i.DetectHook        detect_task.o
    0x0800499c   0x0800499c   0x00000180   Code   RO         7890    i.DetectInit        detect_task.o
    0x08004b1c   0x08004b1c   0x000001ec   Code   RO          479    i.Device_Usart1_ENABLE_Init  usart.o
    0x08004d08   0x08004d08   0x0000000c   Code   RO         2246    i.FLASH_ClearFlag   stm32f4xx_flash.o
    0x08004d14   0x08004d14   0x00000088   Code   RO         2252    i.FLASH_EraseSector  stm32f4xx_flash.o
    0x08004d9c   0x08004d9c   0x00000054   Code   RO         2254    i.FLASH_GetStatus   stm32f4xx_flash.o
    0x08004df0   0x08004df0   0x00000014   Code   RO         2258    i.FLASH_Lock        stm32f4xx_flash.o
    0x08004e04   0x08004e04   0x0000004c   Code   RO         2279    i.FLASH_ProgramByte  stm32f4xx_flash.o
    0x08004e50   0x08004e50   0x00000024   Code   RO         2284    i.FLASH_Unlock      stm32f4xx_flash.o
    0x08004e74   0x08004e74   0x00000022   Code   RO         2285    i.FLASH_WaitForLastOperation  stm32f4xx_flash.o
    0x08004e96   0x08004e96   0x0000001a   Code   RO         8455    i.FlashAllEraseBoot  bsp_flash.o
    0x08004eb0   0x08004eb0   0x0000001c   Code   RO         8458    i.FlashReadK        bsp_flash.o
    0x08004ecc   0x08004ecc   0x00000034   Code   RO         8459    i.FlashWriteK       bsp_flash.o
    0x08004f00   0x08004f00   0x00000090   Code   RO          587    i.GPIO_Init         stm32f4xx_gpio.o
    0x08004f90   0x08004f90   0x00000046   Code   RO          588    i.GPIO_PinAFConfig  stm32f4xx_gpio.o
    0x08004fd6   0x08004fd6   0x00000012   Code   RO          591    i.GPIO_ReadInputDataBit  stm32f4xx_gpio.o
    0x08004fe8   0x08004fe8   0x00000004   Code   RO          594    i.GPIO_ResetBits    stm32f4xx_gpio.o
    0x08004fec   0x08004fec   0x00000004   Code   RO          595    i.GPIO_SetBits      stm32f4xx_gpio.o
    0x08004ff0   0x08004ff0   0x000000a0   Code   RO         8121    i.GYRO_Filter       imutask.o
    0x08005090   0x08005090   0x00000068   Code   RO         8017    i.Get_Sys_Ticks     mpu_time_init.o
    0x080050f8   0x080050f8   0x00000078   Code   RO         8231    i.Gyro_Correct_Filter  filter_control.o
    0x08005170   0x08005170   0x00000004   Code   RO          291    i.HardFault_Handler  stm32f4xx_it.o
    0x08005174   0x08005174   0x0000012c   Code   RO         7875    i.HighPass          chassis_task.o
    0x080052a0   0x080052a0   0x0000009c   Code   RO         8122    i.IMU_Calibration   imutask.o
    0x0800533c   0x0800533c   0x0000008c   Code   RO         8125    i.IMU_task          imutask.o
    0x080053c8   0x080053c8   0x00000034   Code   RO         7940    i.Interactive_task  tx2_task.o
    0x080053fc   0x080053fc   0x00000128   Code   RO         6731    i.LED_Init          gpio.o
    0x08005524   0x08005524   0x00000130   Code   RO         7803    i.LightControl      chassis_task.o
    0x08005654   0x08005654   0x00000136   Code   RO         8318    i.MPU6500_1_init    bsp_mpu9250_init.o
    0x0800578a   0x0800578a   0x00000136   Code   RO         8319    i.MPU6500_2_init    bsp_mpu9250_init.o
    0x080058c0   0x080058c0   0x0000001a   Code   RO         8320    i.MPU6500_Init      bsp_mpu9250_init.o
    0x080058da   0x080058da   0x000000b2   Code   RO         8321    i.MPU9250_Get_Accelerometer  bsp_mpu9250_init.o
    0x0800598c   0x0800598c   0x000000dc   Code   RO         8322    i.MPU9250_Get_Gyroscope  bsp_mpu9250_init.o
    0x08005a68   0x08005a68   0x00000070   Code   RO         8324    i.MPU9250_Get_Temperature  bsp_mpu9250_init.o
    0x08005ad8   0x08005ad8   0x00000054   Code   RO         8326    i.MPU9250_Read_Byte  bsp_mpu9250_init.o
    0x08005b2c   0x08005b2c   0x00000078   Code   RO         8327    i.MPU9250_Read_Len  bsp_mpu9250_init.o
    0x08005ba4   0x08005ba4   0x00000050   Code   RO         8330    i.MPU9250_Write_Byte  bsp_mpu9250_init.o
    0x08005bf4   0x08005bf4   0x00000094   Code   RO         8335    i.MPU_SPI_Configuration  bsp_mpu9250_init.o
    0x08005c88   0x08005c88   0x00000e34   Code   RO         8233    i.Mat2Quat          filter_control.o
    0x08006abc   0x08006abc   0x00000062   Code   RO         8234    i.Mat_Trans_d       filter_control.o
    0x08006b1e   0x08006b1e   0x00000004   Code   RO          292    i.MemManage_Handler  stm32f4xx_it.o
    0x08006b22   0x08006b22   0x00000002   PAD
    0x08006b24   0x08006b24   0x0000006c   Code   RO         7411    i.Motor_GPIO_Init   motor.o
    0x08006b90   0x08006b90   0x00000128   Code   RO         7412    i.Motor_PWM_Init    motor.o
    0x08006cb8   0x08006cb8   0x000002e4   Code   RO         7804    i.MoveInfo          chassis_task.o
    0x08006f9c   0x08006f9c   0x00000002   Code   RO          293    i.NMI_Handler       stm32f4xx_it.o
    0x08006f9e   0x08006f9e   0x00000002   PAD
    0x08006fa0   0x08006fa0   0x00000078   Code   RO          542    i.NVIC_Init         misc.o
    0x08007018   0x08007018   0x00000014   Code   RO          543    i.NVIC_PriorityGroupConfig  misc.o
    0x0800702c   0x0800702c   0x000001f0   Code   RO         7473    i.PID_calc          pid.o
    0x0800721c   0x0800721c   0x00000060   Code   RO         7475    i.PID_init          pid.o
    0x0800727c   0x0800727c   0x00000020   Code   RO          684    i.RCC_AHB1PeriphClockCmd  stm32f4xx_rcc.o
    0x0800729c   0x0800729c   0x00000020   Code   RO          693    i.RCC_APB1PeriphClockCmd  stm32f4xx_rcc.o
    0x080072bc   0x080072bc   0x00000020   Code   RO          695    i.RCC_APB1PeriphResetCmd  stm32f4xx_rcc.o
    0x080072dc   0x080072dc   0x00000020   Code   RO          696    i.RCC_APB2PeriphClockCmd  stm32f4xx_rcc.o
    0x080072fc   0x080072fc   0x00000020   Code   RO          698    i.RCC_APB2PeriphResetCmd  stm32f4xx_rcc.o
    0x0800731c   0x0800731c   0x000000e8   Code   RO          705    i.RCC_GetClocksFreq  stm32f4xx_rcc.o
    0x08007404   0x08007404   0x00000150   Code   RO         6907    i.RC_Init           rc.o
    0x08007554   0x08007554   0x000000b0   Code   RO         6939    i.RC_MODE_CONTROL   remote_control.o
    0x08007604   0x08007604   0x00000010   Code   RO         6940    i.RC_abs            remote_control.o
    0x08007614   0x08007614   0x00000098   Code   RO         6942    i.RC_data_is_error  remote_control.o
    0x080076ac   0x080076ac   0x00000058   Code   RO         6908    i.RC_restart        rc.o
    0x08007704   0x08007704   0x00000058   Code   RO         6732    i.RELAY_Init        gpio.o
    0x0800775c   0x0800775c   0x000000da   Code   RO         6943    i.SBUS_TO_RC        remote_control.o
    0x08007836   0x08007836   0x00000002   PAD
    0x08007838   0x08007838   0x000000c4   Code   RO         8055    i.SPI1_Init         mpu_spi_init.o
    0x080078fc   0x080078fc   0x00000038   Code   RO         8056    i.SPI1_ReadWriteByte  mpu_spi_init.o
    0x08007934   0x08007934   0x00000018   Code   RO         5052    i.SPI_Cmd           stm32f4xx_spi.o
    0x0800794c   0x0800794c   0x00000012   Code   RO         5060    i.SPI_I2S_GetFlagStatus  stm32f4xx_spi.o
    0x0800795e   0x0800795e   0x00000006   Code   RO         5063    i.SPI_I2S_ReceiveData  stm32f4xx_spi.o
    0x08007964   0x08007964   0x00000004   Code   RO         5064    i.SPI_I2S_SendData  stm32f4xx_spi.o
    0x08007968   0x08007968   0x0000003c   Code   RO         5065    i.SPI_Init          stm32f4xx_spi.o
    0x080079a4   0x080079a4   0x0000003e   Code   RO         7941    i.Send_to_PC        tx2_task.o
    0x080079e2   0x080079e2   0x00000002   PAD
    0x080079e4   0x080079e4   0x000000ec   Code   RO          368    i.SetSysClock       system_stm32f4xx.o
    0x08007ad0   0x08007ad0   0x00000028   Code   RO          546    i.SysTick_CLKSourceConfig  misc.o
    0x08007af8   0x08007af8   0x00000010   Code   RO          405    i.SysTick_Handler   delay.o
    0x08007b08   0x08007b08   0x00000068   Code   RO          370    i.SystemInit        system_stm32f4xx.o
    0x08007b70   0x08007b70   0x0000002c   Code   RO         6773    i.TIM3_IRQHandler   time3.o
    0x08007b9c   0x08007b9c   0x0000002c   Code   RO         7038    i.TIM4_IRQHandler   time7.o
    0x08007bc8   0x08007bc8   0x00000050   Code   RO         7368    i.TIM5_IRQHandler   encoder.o
    0x08007c18   0x08007c18   0x00000018   Code   RO         1266    i.TIM_ARRPreloadConfig  stm32f4xx_tim.o
    0x08007c30   0x08007c30   0x00000006   Code   RO         1273    i.TIM_ClearITPendingBit  stm32f4xx_tim.o
    0x08007c36   0x08007c36   0x00000018   Code   RO         1278    i.TIM_Cmd           stm32f4xx_tim.o
    0x08007c4e   0x08007c4e   0x00000022   Code   RO         1299    i.TIM_GetITStatus   stm32f4xx_tim.o
    0x08007c70   0x08007c70   0x0000007c   Code   RO         1307    i.TIM_OC1Init       stm32f4xx_tim.o
    0x08007cec   0x08007cec   0x00000012   Code   RO         1310    i.TIM_OC1PreloadConfig  stm32f4xx_tim.o
    0x08007cfe   0x08007cfe   0x00000002   PAD
    0x08007d00   0x08007d00   0x000000a4   Code   RO         1312    i.TIM_OC2Init       stm32f4xx_tim.o
    0x08007da4   0x08007da4   0x0000001a   Code   RO         1315    i.TIM_OC2PreloadConfig  stm32f4xx_tim.o
    0x08007dbe   0x08007dbe   0x00000002   PAD
    0x08007dc0   0x08007dc0   0x000000a0   Code   RO         1317    i.TIM_OC3Init       stm32f4xx_tim.o
    0x08007e60   0x08007e60   0x00000012   Code   RO         1320    i.TIM_OC3PreloadConfig  stm32f4xx_tim.o
    0x08007e72   0x08007e72   0x00000002   PAD
    0x08007e74   0x08007e74   0x00000078   Code   RO         1322    i.TIM_OC4Init       stm32f4xx_tim.o
    0x08007eec   0x08007eec   0x0000001a   Code   RO         1324    i.TIM_OC4PreloadConfig  stm32f4xx_tim.o
    0x08007f06   0x08007f06   0x00000004   Code   RO         1342    i.TIM_SetCompare3   stm32f4xx_tim.o
    0x08007f0a   0x08007f0a   0x00000004   Code   RO         1343    i.TIM_SetCompare4   stm32f4xx_tim.o
    0x08007f0e   0x08007f0e   0x00000002   PAD
    0x08007f10   0x08007f10   0x00000084   Code   RO         1350    i.TIM_TimeBaseInit  stm32f4xx_tim.o
    0x08007f94   0x08007f94   0x00000090   Code   RO         7942    i.Tx2_task          tx2_task.o
    0x08008024   0x08008024   0x000001d8   Code   RO         7320    i.UART5_IRQHandler  bizhang.o
    0x080081fc   0x080081fc   0x0000001e   Code   RO         7943    i.UART_PutChar      tx2_task.o
    0x0800821a   0x0800821a   0x00000002   PAD
    0x0800821c   0x0800821c   0x0000016c   Code   RO          480    i.USART1_IRQHandler  usart.o
    0x08008388   0x08008388   0x00000108   Code   RO         6944    i.USART2_IRQHandler  remote_control.o
    0x08008490   0x08008490   0x00000108   Code   RO         7437    i.USART3_IRQHandler  ros_to_stm32.o
    0x08008598   0x08008598   0x00000012   Code   RO         1074    i.USART_ClearFlag   stm32f4xx_usart.o
    0x080085aa   0x080085aa   0x0000001e   Code   RO         1075    i.USART_ClearITPendingBit  stm32f4xx_usart.o
    0x080085c8   0x080085c8   0x00000020   Code   RO         1076    i.USART_ClockInit   stm32f4xx_usart.o
    0x080085e8   0x080085e8   0x0000000c   Code   RO         1077    i.USART_ClockStructInit  stm32f4xx_usart.o
    0x080085f4   0x080085f4   0x00000018   Code   RO         1078    i.USART_Cmd         stm32f4xx_usart.o
    0x0800860c   0x0800860c   0x00000012   Code   RO         1079    i.USART_DMACmd      stm32f4xx_usart.o
    0x0800861e   0x0800861e   0x00000002   PAD
    0x08008620   0x08008620   0x000000f0   Code   RO         1080    i.USART_DeInit      stm32f4xx_usart.o
    0x08008710   0x08008710   0x0000001a   Code   RO         1081    i.USART_GetFlagStatus  stm32f4xx_usart.o
    0x0800872a   0x0800872a   0x00000054   Code   RO         1082    i.USART_GetITStatus  stm32f4xx_usart.o
    0x0800877e   0x0800877e   0x0000004a   Code   RO         1084    i.USART_ITConfig    stm32f4xx_usart.o
    0x080087c8   0x080087c8   0x000000d4   Code   RO         1085    i.USART_Init        stm32f4xx_usart.o
    0x0800889c   0x0800889c   0x0000000a   Code   RO         1092    i.USART_ReceiveData  stm32f4xx_usart.o
    0x080088a6   0x080088a6   0x00000008   Code   RO         1095    i.USART_SendData    stm32f4xx_usart.o
    0x080088ae   0x080088ae   0x00000018   Code   RO         1101    i.USART_StructInit  stm32f4xx_usart.o
    0x080088c6   0x080088c6   0x00000004   Code   RO          294    i.UsageFault_Handler  stm32f4xx_it.o
    0x080088ca   0x080088ca   0x00000002   PAD
    0x080088cc   0x080088cc   0x00000020   Code   RO         8824    i.__0printf$3       mc_w.l(printf3.o)
    0x080088ec   0x080088ec   0x00000030   Code   RO         9049    i.__ARM_fpclassify  m_wm.l(fpclassify.o)
    0x0800891c   0x0800891c   0x00000004   PAD
    0x08008920   0x08008920   0x00000360   Code   RO         8654    i.__hardfp_asin     m_wm.l(asin.o)
    0x08008c80   0x08008c80   0x000002d8   Code   RO         9018    i.__hardfp_atan     m_wm.l(atan.o)
    0x08008f58   0x08008f58   0x00000200   Code   RO         8668    i.__hardfp_atan2    m_wm.l(atan2.o)
    0x08009158   0x08009158   0x000000c8   Code   RO         8680    i.__hardfp_cos      m_wm.l(cos.o)
    0x08009220   0x08009220   0x00000014   Code   RO         8692    i.__hardfp_fabs     m_wm.l(fabs.o)
    0x08009234   0x08009234   0x00000004   PAD
    0x08009238   0x08009238   0x000000c8   Code   RO         8698    i.__hardfp_sin      m_wm.l(sin.o)
    0x08009300   0x08009300   0x0000007a   Code   RO         8710    i.__hardfp_sqrt     m_wm.l(sqrt_full.o)
    0x0800937a   0x0800937a   0x00000006   PAD
    0x08009380   0x08009380   0x00000438   Code   RO         9054    i.__ieee754_rem_pio2  m_wm.l(rred.o)
    0x080097b8   0x080097b8   0x00000170   Code   RO         9032    i.__kernel_cos      m_wm.l(cos_i.o)
    0x08009928   0x08009928   0x000000f8   Code   RO         9051    i.__kernel_poly     m_wm.l(poly.o)
    0x08009a20   0x08009a20   0x00000130   Code   RO         9059    i.__kernel_sin      m_wm.l(sin_i.o)
    0x08009b50   0x08009b50   0x00000014   Code   RO         9036    i.__mathlib_dbl_infnan  m_wm.l(dunder.o)
    0x08009b64   0x08009b64   0x00000014   Code   RO         9037    i.__mathlib_dbl_infnan2  m_wm.l(dunder.o)
    0x08009b78   0x08009b78   0x00000020   Code   RO         9038    i.__mathlib_dbl_invalid  m_wm.l(dunder.o)
    0x08009b98   0x08009b98   0x00000020   Code   RO         9041    i.__mathlib_dbl_underflow  m_wm.l(dunder.o)
    0x08009bb8   0x08009bb8   0x0000000e   Code   RO         9111    i.__scatterload_copy  mc_w.l(handlers.o)
    0x08009bc6   0x08009bc6   0x00000002   Code   RO         9112    i.__scatterload_null  mc_w.l(handlers.o)
    0x08009bc8   0x08009bc8   0x0000000e   Code   RO         9113    i.__scatterload_zeroinit  mc_w.l(handlers.o)
    0x08009bd6   0x08009bd6   0x00000002   PAD
    0x08009bd8   0x08009bd8   0x0000000c   Code   RO         9093    i.__set_errno       mc_w.l(errno.o)
    0x08009be4   0x08009be4   0x000001b8   Code   RO         8831    i._printf_core      mc_w.l(printf3.o)
    0x08009d9c   0x08009d9c   0x00000088   Code   RO         8508    i.accel_data_update  accelerometer_calibration.o
    0x08009e24   0x08009e24   0x0000019c   Code   RO         8509    i.accel_mat_init    accelerometer_calibration.o
    0x08009fc0   0x08009fc0   0x00000010   Code   RO         9020    i.atan              m_wm.l(atan.o)
    0x08009fd0   0x08009fd0   0x000001b4   Code   RO         7069    i.bizhang_Usart     bizhang_usart.o
    0x0800a184   0x0800a184   0x00000014   Code   RO         7321    i.bizhang_Usart_init  bizhang.o
    0x0800a198   0x0800a198   0x00000094   Code   RO         8510    i.caculate_mat      accelerometer_calibration.o
    0x0800a22c   0x0800a22c   0x00000124   Code   RO         8511    i.cali_accel_para   accelerometer_calibration.o
    0x0800a350   0x0800a350   0x00000008   Code   RO         8512    i.cali_fenction     accelerometer_calibration.o
    0x0800a358   0x0800a358   0x000001b0   Code   RO         7805    i.chassis_Behaviour  chassis_task.o
    0x0800a508   0x0800a508   0x0000001a   Code   RO         7806    i.chassis_DataBack  chassis_task.o
    0x0800a522   0x0800a522   0x00000002   PAD
    0x0800a524   0x0800a524   0x00000190   Code   RO         7807    i.chassis_init      chassis_task.o
    0x0800a6b4   0x0800a6b4   0x00000084   Code   RO         7808    i.chassis_mode_set  chassis_task.o
    0x0800a738   0x0800a738   0x000000c8   Code   RO         7809    i.chassis_task      chassis_task.o
    0x0800a800   0x0800a800   0x00000044   Code   RO          406    i.delay_init        delay.o
    0x0800a844   0x0800a844   0x00000040   Code   RO          407    i.delay_ms          delay.o
    0x0800a884   0x0800a884   0x00000048   Code   RO          408    i.delay_us          delay.o
    0x0800a8cc   0x0800a8cc   0x00000268   Code   RO         7891    i.detect_task       detect_task.o
    0x0800ab34   0x0800ab34   0x00000018   Code   RO         8694    i.fabs              m_wm.l(fabs.o)
    0x0800ab4c   0x0800ab4c   0x0000001c   Code   RO          482    i.fputc             usart.o
    0x0800ab68   0x0800ab68   0x00000018   Code   RO         7736    i.get_Chassis_power_Motor_Measure_Point  can_receive.o
    0x0800ab80   0x0800ab80   0x00000024   Code   RO         7544    i.get_crc8_check_sum  protocol.o
    0x0800aba4   0x0800aba4   0x00000008   Code   RO         6945    i.get_remote_control_point  remote_control.o
    0x0800abac   0x0800abac   0x00000008   Code   RO         7322    i.get_sensor_Distance_point  bizhang.o
    0x0800abb4   0x0800abb4   0x00000010   Code   RO         6206    i.inHandlerMode     cmsis_os.o
    0x0800abc4   0x0800abc4   0x0000003c   Code   RO         7603    i.invSqrt           user_lib.o
    0x0800ac00   0x0800ac00   0x000000ec   Code   RO         7984    i.jiguang_task      jiguang_task.o
    0x0800acec   0x0800acec   0x0000005c   Code   RO            3    i.main              main.o
    0x0800ad48   0x0800ad48   0x0000001c   Code   RO         8092    i.mpu_delay_ms      mpu_delay.o
    0x0800ad64   0x0800ad64   0x0000005c   Code   RO         8236    i.my_sqrt           filter_control.o
    0x0800adc0   0x0800adc0   0x00000014   Code   RO         6214    i.osKernelSysTick   cmsis_os.o
    0x0800add4   0x0800add4   0x00000098   Code   RO         5694    i.prvAddCurrentTaskToDelayedList  tasks.o
    0x0800ae6c   0x0800ae6c   0x000000b8   Code   RO         5695    i.prvAddNewTaskToReadyList  tasks.o
    0x0800af24   0x0800af24   0x00000064   Code   RO         6068    i.prvCheckForValidListAndQueue  timers.o
    0x0800af88   0x0800af88   0x00000064   Code   RO         5696    i.prvCheckTasksWaitingTermination  tasks.o
    0x0800afec   0x0800afec   0x0000002a   Code   RO         5453    i.prvCopyDataFromQueue  queue.o
    0x0800b016   0x0800b016   0x0000007c   Code   RO         5454    i.prvCopyDataToQueue  queue.o
    0x0800b092   0x0800b092   0x00000012   Code   RO         5697    i.prvDeleteTCB      tasks.o
    0x0800b0a4   0x0800b0a4   0x00000028   Code   RO         6069    i.prvGetNextExpireTime  timers.o
    0x0800b0cc   0x0800b0cc   0x0000007c   Code   RO         6672    i.prvHeapInit       heap_4.o
    0x0800b148   0x0800b148   0x00000028   Code   RO         5698    i.prvIdleTask       tasks.o
    0x0800b170   0x0800b170   0x0000002e   Code   RO         5456    i.prvInitialiseNewQueue  queue.o
    0x0800b19e   0x0800b19e   0x00000002   PAD
    0x0800b1a0   0x0800b1a0   0x000000d0   Code   RO         5699    i.prvInitialiseNewTask  tasks.o
    0x0800b270   0x0800b270   0x00000068   Code   RO         5700    i.prvInitialiseTaskLists  tasks.o
    0x0800b2d8   0x0800b2d8   0x00000068   Code   RO         6673    i.prvInsertBlockIntoFreeList  heap_4.o
    0x0800b340   0x0800b340   0x00000058   Code   RO         6071    i.prvInsertTimerInActiveList  timers.o
    0x0800b398   0x0800b398   0x0000001a   Code   RO         5457    i.prvIsQueueEmpty   queue.o
    0x0800b3b2   0x0800b3b2   0x0000001e   Code   RO         5458    i.prvIsQueueFull    queue.o
    0x0800b3d0   0x0800b3d0   0x000000a0   Code   RO         5459    i.prvNotifyQueueSetContainer  queue.o
    0x0800b470   0x0800b470   0x00000080   Code   RO         6072    i.prvProcessExpiredTimer  timers.o
    0x0800b4f0   0x0800b4f0   0x0000012c   Code   RO         6073    i.prvProcessReceivedCommands  timers.o
    0x0800b61c   0x0800b61c   0x00000074   Code   RO         6074    i.prvProcessTimerOrBlockTask  timers.o
    0x0800b690   0x0800b690   0x00000034   Code   RO         5702    i.prvResetNextTaskUnblockTime  tasks.o
    0x0800b6c4   0x0800b6c4   0x0000002c   Code   RO         6075    i.prvSampleTimeNow  timers.o
    0x0800b6f0   0x0800b6f0   0x000000bc   Code   RO         6076    i.prvSwitchTimerLists  timers.o
    0x0800b7ac   0x0800b7ac   0x00000016   Code   RO         5703    i.prvTaskCheckFreeStackSpace  tasks.o
    0x0800b7c2   0x0800b7c2   0x00000002   PAD
    0x0800b7c4   0x0800b7c4   0x00000074   Code   RO         6588    i.prvTaskExitError  port.o
    0x0800b838   0x0800b838   0x0000001a   Code   RO         6077    i.prvTimerTask      timers.o
    0x0800b852   0x0800b852   0x00000092   Code   RO         5460    i.prvUnlockQueue    queue.o
    0x0800b8e4   0x0800b8e4   0x00000154   Code   RO         6674    i.pvPortMalloc      heap_4.o
    0x0800ba38   0x0800ba38   0x00000020   Code   RO         5706    i.pvTaskIncrementMutexHeldCount  tasks.o
    0x0800ba58   0x0800ba58   0x0000002c   Code   RO         6589    i.pxPortInitialiseStack  port.o
    0x0800ba84   0x0800ba84   0x00000014   Code   RO         6946    i.remote_control_init  remote_control.o
    0x0800ba98   0x0800ba98   0x000000bc   Code   RO         7438    i.ros_to_stm32_init  ros_to_stm32.o
    0x0800bb54   0x0800bb54   0x00000028   Code   RO         7439    i.ros_to_stm32_output  ros_to_stm32.o
    0x0800bb7c   0x0800bb7c   0x0000000a   Code   RO         6948    i.slove_data_error  remote_control.o
    0x0800bb86   0x0800bb86   0x0000006e   Code   RO         8712    i.sqrt              m_wm.l(sqrt_full.o)
    0x0800bbf4   0x0800bbf4   0x00000030   Code   RO         7697    i.startTask         start_task.o
    0x0800bc24   0x0800bc24   0x00000120   Code   RO         7698    i.start_task        start_task.o
    0x0800bd44   0x0800bd44   0x00000028   Code   RO         5408    i.uxListRemove      list.o
    0x0800bd6c   0x0800bd6c   0x00000028   Code   RO         5709    i.uxTaskGetStackHighWaterMark  tasks.o
    0x0800bd94   0x0800bd94   0x0000001a   Code   RO         5409    i.vListInitialise   list.o
    0x0800bdae   0x0800bdae   0x00000006   Code   RO         5410    i.vListInitialiseItem  list.o
    0x0800bdb4   0x0800bdb4   0x00000034   Code   RO         5411    i.vListInsert       list.o
    0x0800bde8   0x0800bde8   0x00000018   Code   RO         5412    i.vListInsertEnd    list.o
    0x0800be00   0x0800be00   0x00000088   Code   RO         6591    i.vPortEnterCritical  port.o
    0x0800be88   0x0800be88   0x00000070   Code   RO         6592    i.vPortExitCritical  port.o
    0x0800bef8   0x0800bef8   0x000000b8   Code   RO         6675    i.vPortFree         heap_4.o
    0x0800bfb0   0x0800bfb0   0x00000020   Code   RO         6593    i.vPortSetupTimerInterrupt  port.o
    0x0800bfd0   0x0800bfd0   0x000000a0   Code   RO         6594    i.vPortValidateInterruptPriority  port.o
    0x0800c070   0x0800c070   0x0000002c   Code   RO         5466    i.vQueueAddToRegistry  queue.o
    0x0800c09c   0x0800c09c   0x0000004a   Code   RO         5470    i.vQueueWaitForMessageRestricted  queue.o
    0x0800c0e6   0x0800c0e6   0x00000002   PAD
    0x0800c0e8   0x0800c0e8   0x00000074   Code   RO         5715    i.vTaskDelay        tasks.o
    0x0800c15c   0x0800c15c   0x0000010c   Code   RO         5717    i.vTaskDelete       tasks.o
    0x0800c268   0x0800c268   0x0000000c   Code   RO         5721    i.vTaskMissedYield  tasks.o
    0x0800c274   0x0800c274   0x00000054   Code   RO         5723    i.vTaskPlaceOnEventList  tasks.o
    0x0800c2c8   0x0800c2c8   0x0000005c   Code   RO         5724    i.vTaskPlaceOnEventListRestricted  tasks.o
    0x0800c324   0x0800c324   0x000000b0   Code   RO         5726    i.vTaskPriorityInherit  tasks.o
    0x0800c3d4   0x0800c3d4   0x0000004c   Code   RO         5730    i.vTaskSetTimeOutState  tasks.o
    0x0800c420   0x0800c420   0x000000ac   Code   RO         5731    i.vTaskStartScheduler  tasks.o
    0x0800c4cc   0x0800c4cc   0x00000010   Code   RO         5733    i.vTaskSuspendAll   tasks.o
    0x0800c4dc   0x0800c4dc   0x000000a8   Code   RO         5734    i.vTaskSwitchContext  tasks.o
    0x0800c584   0x0800c584   0x00000030   Code   RO         7546    i.verify_crc8_check_sum  protocol.o
    0x0800c5b4   0x0800c5b4   0x0000015c   Code   RO         6595    i.xPortStartScheduler  port.o
    0x0800c710   0x0800c710   0x00000034   Code   RO         6596    i.xPortSysTickHandler  port.o
    0x0800c744   0x0800c744   0x00000074   Code   RO         5475    i.xQueueGenericCreate  queue.o
    0x0800c7b8   0x0800c7b8   0x000001c8   Code   RO         5476    i.xQueueGenericReceive  queue.o
    0x0800c980   0x0800c980   0x000000b0   Code   RO         5477    i.xQueueGenericReset  queue.o
    0x0800ca30   0x0800ca30   0x000001c4   Code   RO         5478    i.xQueueGenericSend  queue.o
    0x0800cbf4   0x0800cbf4   0x00000110   Code   RO         5479    i.xQueueGenericSendFromISR  queue.o
    0x0800cd04   0x0800cd04   0x000000a0   Code   RO         5735    i.xTaskCheckForTimeOut  tasks.o
    0x0800cda4   0x0800cda4   0x00000060   Code   RO         5736    i.xTaskCreate       tasks.o
    0x0800ce04   0x0800ce04   0x00000020   Code   RO         5740    i.xTaskGetSchedulerState  tasks.o
    0x0800ce24   0x0800ce24   0x0000000c   Code   RO         5741    i.xTaskGetTickCount  tasks.o
    0x0800ce30   0x0800ce30   0x00000014   Code   RO         5742    i.xTaskGetTickCountFromISR  tasks.o
    0x0800ce44   0x0800ce44   0x00000160   Code   RO         5743    i.xTaskIncrementTick  tasks.o
    0x0800cfa4   0x0800cfa4   0x000000d8   Code   RO         5746    i.xTaskPriorityDisinherit  tasks.o
    0x0800d07c   0x0800d07c   0x000000b4   Code   RO         5747    i.xTaskRemoveFromEventList  tasks.o
    0x0800d130   0x0800d130   0x00000120   Code   RO         5749    i.xTaskResumeAll    tasks.o
    0x0800d250   0x0800d250   0x00000074   Code   RO         6081    i.xTimerCreateTimerTask  timers.o
    0x0800d2c4   0x0800d2c4   0x000000a4   Code   RO         6082    i.xTimerGenericCommand  timers.o
    0x0800d368   0x0800d368   0x00000064   Code   RO         6733    i.yuyin_Init        gpio.o
    0x0800d3cc   0x0800d3cc   0x00000302   Data   RO         7547    .constdata          protocol.o
    0x0800d6ce   0x0800d6ce   0x00000002   PAD
    0x0800d6d0   0x0800d6d0   0x0000008c   Data   RO         7811    .constdata          chassis_task.o
    0x0800d75c   0x0800d75c   0x00000042   Data   RO         7895    .constdata          detect_task.o
    0x0800d79e   0x0800d79e   0x00000002   PAD
    0x0800d7a0   0x0800d7a0   0x00000140   Data   RO         8238    .constdata          filter_control.o
    0x0800d8e0   0x0800d8e0   0x00000050   Data   RO         8657    .constdata          m_wm.l(asin.o)
    0x0800d930   0x0800d930   0x00000098   Data   RO         9021    .constdata          m_wm.l(atan.o)
    0x0800d9c8   0x0800d9c8   0x00000030   Data   RO         9033    .constdata          m_wm.l(cos_i.o)
    0x0800d9f8   0x0800d9f8   0x00000008   Data   RO         9053    .constdata          m_wm.l(qnan.o)
    0x0800da00   0x0800da00   0x000000c8   Data   RO         9056    .constdata          m_wm.l(rred.o)
    0x0800dac8   0x0800dac8   0x00000028   Data   RO         9060    .constdata          m_wm.l(sin_i.o)
    0x0800daf0   0x0800daf0   0x00000020   Data   RO         9109    Region$$Table       anon$$obj.o


    Execution Region RW_IRAM1 (Exec base: 0x20000000, Load base: 0x0800db10, Size: 0x00007968, Max: 0x00020000, ABSOLUTE, COMPRESSED[0x00000060])

    Exec Addr    Load Addr    Size         Type   Attr      Idx    E Section Name        Object

    0x20000000   COMPRESSED   0x00000014   Data   RW          371    .data               system_stm32f4xx.o
    0x20000014   COMPRESSED   0x00000004   Data   RW          410    .data               delay.o
    0x20000018   COMPRESSED   0x00000020   Data   RW          484    .data               usart.o
    0x20000038   COMPRESSED   0x00000010   Data   RW          737    .data               stm32f4xx_rcc.o
    0x20000048   COMPRESSED   0x0000003c   Data   RW         5752    .data               tasks.o
    0x20000084   COMPRESSED   0x00000014   Data   RW         6090    .data               timers.o
    0x20000098   COMPRESSED   0x0000000c   Data   RW         6597    .data               port.o
    0x200000a4   COMPRESSED   0x00000018   Data   RW         6680    .data               heap_4.o
    0x200000bc   COMPRESSED   0x00000004   Data   RW         6775    .data               time3.o
    0x200000c0   COMPRESSED   0x00000012   Data   RW         6950    .data               remote_control.o
    0x200000d2   COMPRESSED   0x00000002   PAD
    0x200000d4   COMPRESSED   0x00000004   Data   RW         7039    .data               time7.o
    0x200000d8   COMPRESSED   0x00000006   Data   RW         7324    .data               bizhang.o
    0x200000de   COMPRESSED   0x00000002   PAD
    0x200000e0   COMPRESSED   0x00000018   Data   RW         7371    .data               encoder.o
    0x200000f8   COMPRESSED   0x0000001c   Data   RW         7441    .data               ros_to_stm32.o
    0x20000114   COMPRESSED   0x0000001c   Data   RW         7699    .data               start_task.o
    0x20000130   COMPRESSED   0x00000002   Data   RW         7739    .data               can_receive.o
    0x20000132   COMPRESSED   0x00000002   PAD
    0x20000134   COMPRESSED   0x00000009   Data   RW         7896    .data               detect_task.o
    0x2000013d   COMPRESSED   0x00000003   PAD
    0x20000140   COMPRESSED   0x0000000c   Data   RW         7945    .data               tx2_task.o
    0x2000014c   COMPRESSED   0x00000010   Data   RW         7985    .data               jiguang_task.o
    0x2000015c   COMPRESSED   0x00000004   PAD
    0x20000160   COMPRESSED   0x0000007c   Data   RW         8130    .data               imutask.o
    0x200001dc   COMPRESSED   0x00000114   Data   RW         8514    .data               accelerometer_calibration.o
    0x200002f0   COMPRESSED   0x00000004   Data   RW         9094    .data               mc_w.l(errno.o)
    0x200002f4        -       0x00000046   Zero   RW          483    .bss                usart.o
    0x2000033a   COMPRESSED   0x00000002   PAD
    0x2000033c        -       0x00000040   Zero   RW         5490    .bss                queue.o
    0x2000037c        -       0x000002e4   Zero   RW         5751    .bss                tasks.o
    0x20000660        -       0x00000028   Zero   RW         6089    .bss                timers.o
    0x20000688        -       0x00005000   Zero   RW         6679    .bss                heap_4.o
    0x20005688        -       0x0000005e   Zero   RW         6949    .bss                remote_control.o
    0x200056e6        -       0x0000003c   Zero   RW         7323    .bss                bizhang.o
    0x20005722        -       0x0000000a   Zero   RW         7440    .bss                ros_to_stm32.o
    0x2000572c        -       0x00000100   Zero   RW         7738    .bss                can_receive.o
    0x2000582c        -       0x00000a04   Zero   RW         7810    .bss                chassis_task.o
    0x20006230        -       0x000001b0   Zero   RW         7894    .bss                detect_task.o
    0x200063e0        -       0x0000002c   Zero   RW         7944    .bss                tx2_task.o
    0x2000640c        -       0x00000138   Zero   RW         8129    .bss                imutask.o
    0x20006544   COMPRESSED   0x00000004   PAD
    0x20006548        -       0x00000e70   Zero   RW         8237    .bss                filter_control.o
    0x200073b8        -       0x000001ac   Zero   RW         8513    .bss                accelerometer_calibration.o
    0x20007564   COMPRESSED   0x00000004   PAD
    0x20007568        -       0x00000400   Zero   RW          533    STACK               startup_stm32f40_41xxx.o


==============================================================================

Image component sizes


      Code (inc. data)   RO Data    RW Data    ZI Data      Debug   Object Name

       996        144          0        276        428       5092   accelerometer_calibration.o
       500         38          0          6         60       3145   bizhang.o
       436         18          0          0          0       1480   bizhang_usart.o
       106          8          0          0          0       2079   bsp_flash.o
      1588         38          0          0          0       8023   bsp_mpu9250_init.o
       256         10          0          0          0       1021   can1.o
       268          8          0          0          0       1009   can2.o
      1296         66          0          2        256       5576   can_receive.o
      3566        202        140          0       2564      13153   chassis_task.o
        36          0          0          0          0       3498   cmsis_os.o
       220         18          0          4          0       2561   delay.o
      1292         44         66          9        432       4113   detect_task.o
        80         14          0         24          0       1037   encoder.o
         0          0          0          0          0      11816   event_groups.o
      5270         98        320          0       3696       9571   filter_control.o
       484         28          0          0          0       1753   gpio.o
       752        176          0         24      20480       4031   heap_4.o
      3388        510          0          0          0      21528   iic.o
      5208        280          0        124        312      13761   imutask.o
       236         24          0         16          0       1285   jiguang_task.o
       148          0          0          0          0       3270   list.o
        92          8          0          0          0     357765   main.o
       180         24          0          0          0       2097   misc.o
       404         22          0          0          0       1459   motor.o
        28          0          0          0          0        615   mpu_delay.o
       252         16          0          0          0       1285   mpu_spi_init.o
       104         10          0          0          0        628   mpu_time_init.o
       592          8          0          0          0       1842   pid.o
      1182        396          0         12          0      10973   port.o
        84          4        770          0          0       2118   protocol.o
      2164        238          0          0         64      13509   queue.o
       424         34          0          0          0       1791   rc.o
       864         52          0         18         94      37659   remote_control.o
       492         58          0         28         10       2881   ros_to_stm32.o
       584        172          0         28          0       2108   start_task.o
        36          8        392          0       1024        840   startup_stm32f40_41xxx.o
      1148         10          0          0          0       5108   stm32f4xx_can.o
       670         54          0          0          0       8001   stm32f4xx_dma.o
       398         40          0          0          0       4545   stm32f4xx_flash.o
       240          0          0          0          0       3559   stm32f4xx_gpio.o
        20          0          0          0          0       2765   stm32f4xx_it.o
       392         48          0         16          0       5849   stm32f4xx_rcc.o
       112          0          0          0          0       3534   stm32f4xx_spi.o
       884         66          0          0          0      10230   stm32f4xx_tim.o
       812         42          0          0          0       9844   stm32f4xx_usart.o
       340         32          0         20          0       1781   system_stm32f4xx.o
      3488        888          0         60        740      31620   tasks.o
        44         10          0          4          0        723   time3.o
        44         10          0          4          0        724   time7.o
      1310        312          0         20         40       8943   timers.o
       288         36          0         12         44       4214   tx2_task.o
       884         62          0         32         70       4636   usart.o
        60          4          0          0          0        638   user_lib.o

    ----------------------------------------------------------------------
     44782       4388       1724        752      30324     663086   Object Totals
         0          0         32          0          0          0   (incl. Generated)
        40          0          4         13         10          0   (incl. Padding)

    ----------------------------------------------------------------------

      Code (inc. data)   RO Data    RW Data    ZI Data      Debug   Library Member Name

         8          0          0          0          0      17159   arm_mat_init_f32.o
      1328          4          0          0          0       2718   arm_mat_inverse_f32.o
       316          4          0          0          0       1627   arm_mat_mult_f32.o
       864         94         80          0          0        280   asin.o
       744        106        152          0          0        352   atan.o
       512         64          0          0          0        208   atan2.o
       200         20          0          0          0        164   cos.o
       368         46         48          0          0        200   cos_i.o
       104         16          0          0          0        496   dunder.o
        44          0          0          0          0        248   fabs.o
        48          0          0          0          0        124   fpclassify.o
       248          0          0          0          0        152   poly.o
         0          0          8          0          0          0   qnan.o
      1080        142        200          0          0        188   rred.o
       200         20          0          0          0        164   sin.o
       304         24         40          0          0        208   sin_i.o
       232          0          0          0          0        296   sqrt_full.o
        86          0          0          0          0          0   __dczerorl2.o
         0          0          0          0          0          0   entry.o
         0          0          0          0          0          0   entry10a.o
         0          0          0          0          0          0   entry11a.o
         4          0          0          0          0          0   entry12b.o
         8          4          0          0          0          0   entry2.o
         4          0          0          0          0          0   entry5.o
         0          0          0          0          0          0   entry7b.o
         0          0          0          0          0          0   entry8b.o
         8          4          0          0          0          0   entry9a.o
        12          6          0          4          0         68   errno.o
        30          0          0          0          0          0   handlers.o
        36          8          0          0          0         68   init.o
         0          0          0          0          0          0   iusefp.o
        30          0          0          0          0         68   llshl.o
        36          0          0          0          0         68   llsshr.o
        32          0          0          0          0         68   llushr.o
        36          0          0          0          0         68   memcpya.o
        36          0          0          0          0        108   memseta.o
       472         14          0          0          0        184   printf3.o
        44          0          0          0          0         80   uidiv.o
        48          0          0          0          0         68   cdcmple.o
        48          0          0          0          0         68   cdrcmple.o
        56          0          0          0          0         88   d2f.o
       334          0          0          0          0        148   dadd.o
       222          0          0          0          0        100   ddiv.o
       186          0          0          0          0        176   depilogue.o
        62          0          0          0          0         80   dfixi.o
        34          0          0          0          0         76   dflti.o
        26          0          0          0          0         76   dfltui.o
       228          0          0          0          0         96   dmul.o
       162          0          0          0          0        100   dsqrt.o
        38          0          0          0          0         68   f2d.o
       110          0          0          0          0        168   fepilogue.o

    ----------------------------------------------------------------------
      9046        576        528          4          0      26676   Library Totals
        18          0          0          0          0          0   (incl. Padding)

    ----------------------------------------------------------------------

      Code (inc. data)   RO Data    RW Data    ZI Data      Debug   Library Name

      1652          8          0          0          0      21504   arm_cortexM4lf_math.lib
      4948        532        528          0          0       3080   m_wm.l
       874         36          0          4          0        780   mc_w.l
      1554          0          0          0          0       1312   mf_w.l

    ----------------------------------------------------------------------
      9046        576        528          4          0      26676   Library Totals

    ----------------------------------------------------------------------

==============================================================================


      Code (inc. data)   RO Data    RW Data    ZI Data      Debug   

     53828       4964       2252        756      30324     658506   Grand Totals
     53828       4964       2252         96      30324     658506   ELF Image Totals (compressed)
     53828       4964       2252         96          0          0   ROM Totals

==============================================================================

    Total RO  Size (Code + RO Data)                56080 (  54.77kB)
    Total RW  Size (RW Data + ZI Data)             31080 (  30.35kB)
    Total ROM Size (Code + RO Data + RW Data)      56176 (  54.86kB)

==============================================================================

