<html>
<body>
<pre>
<h1>µVision Build Log</h1>
<h2>Tool Versions:</h2>
IDE-Version: ¦ÌVision V5.36.0.0
Copyright (C) 2021 ARM Ltd and ARM Germany GmbH. All rights reserved.
License Information: asdasd CMLY, asd, LIC=03C6R-K4CCJ-X7HRZ-J2EA1-0FQ8Q-PFI0R
 
Tool Versions:
Toolchain:       MDK-ARM Plus  Version: 5.36.0.0
Toolchain Path:  D:\KEIL\ARM\KEILV5\ARM\ARMCC\Bin
C Compiler:      Armcc.exe V5.06 update 7 (build 960)
Assembler:       Armasm.exe V5.06 update 7 (build 960)
Linker/Locator:  ArmLink.exe V5.06 update 7 (build 960)
Library Manager: ArmAr.exe V5.06 update 7 (build 960)
Hex Converter:   FromElf.exe V5.06 update 7 (build 960)
CPU DLL:         SARMCM3.DLL V5.36.0.0
Dialog DLL:      DCM.DLL V1.17.3.0
Target DLL:      STLink\ST-LINKIII-KEIL_SWO.dll V3.0.9.0
Dialog DLL:      TCM.DLL V1.53.0.0
 
<h2>Project:</h2>
D:\×ÀÃæ\campus_patrol_robot\Ñ²Âß³µ231005\20231005_fv\USER\FreeRTOS.uvprojx
Project File Date:  12/09/2023

<h2>Output:</h2>
*** Using Compiler 'V5.06 update 7 (build 960)', folder: 'D:\KEIL\ARM\KEILV5\ARM\ARMCC\Bin'
Build target 'FreeRTOS'
assembling startup_stm32f40_41xxx.s...
compiling stm32f4xx_usart.c...
compiling stm32f4xx_rcc.c...
compiling stm32f4xx_gpio.c...
compiling sys.c...
compiling stm32f4xx_it.c...
compiling stm32f4xx_syscfg.c...
compiling misc.c...
compiling system_stm32f4xx.c...
compiling main.c...
compiling stm32f4xx_fsmc.c...
compiling stm32f4xx_flash.c...
compiling stm32f4xx_can.c...
compiling stm32f4xx_dma.c...
compiling stm32f4xx_crc.c...
compiling stm32f4xx_adc.c...
compiling delay.c...
compiling stm32f4xx_cryp.c...
compiling stm32f4xx_cryp_des.c...
compiling stm32f4xx_dac.c...
compiling stm32f4xx_cryp_tdes.c...
compiling stm32f4xx_exti.c...
compiling stm32f4xx_dbgmcu.c...
compiling stm32f4xx_dcmi.c...
compiling stm32f4xx_dma2d.c...
compiling stm32f4xx_cryp_aes.c...
compiling stm32f4xx_tim.c...
compiling usart.c...
compiling stm32f4xx_hash.c...
compiling stm32f4xx_hash_md5.c...
compiling stm32f4xx_hash_sha1.c...
compiling stm32f4xx_i2c.c...
compiling stm32f4xx_pwr.c...
compiling stm32f4xx_iwdg.c...
compiling stm32f4xx_rng.c...
compiling stm32f4xx_ltdc.c...
compiling stm32f4xx_sdio.c...
compiling stm32f4xx_sai.c...
compiling stm32f4xx_rtc.c...
compiling stm32f4xx_wwdg.c...
compiling stm32f4xx_spi.c...
compiling croutine.c...
compiling list.c...
compiling event_groups.c...
compiling queue.c...
compiling timers.c...
compiling heap_4.c...
compiling tasks.c...
compiling port.c...
compiling cmsis_os.c...
compiling stm32f4xx_flash_ramfunc.c...
compiling gpio.c...
compiling Time3.c...
compiling can2.c...
compiling pwm.c...
compiling rc.c...
compiling bizhang_usart.c...
compiling kalman.c...
compiling encoder.c...
compiling iic.c...
compiling motor.c...
compiling ros_to_stm32.c...
compiling remote_control.c...
compiling protocol.c...
compiling pid.c...
compiling bizhang.c...
..\BSP\bizhang_usart\bizhang.c(23): warning:  #177-D: function "Data_settlement"  was declared but never referenced
  static void Data_settlement(volatile const uint8_t *data_buf, sensor_Distance_t *sensor_Distance)
..\BSP\bizhang_usart\bizhang.c: 1 warning, 0 errors
compiling mpu_delay.c...
compiling MPU_TIME_Init.c...
compiling MPU_SPI_Init.c...
compiling CAN_receive.c...
compiling chassis_task.c...
compiling jiguang_task.c...
compiling detect_task.c...
compiling TX2_task.c...
compiling user_lib.c...
compiling Time7.c...
compiling start_task.c...
compiling IMUTask.c...
compiling can1.c...
compiling BSP_Flash.c...
compiling Filter_Control.c...
compiling BSP_MPU9250_Init.c...
compiling accelerometer_calibration.c...
linking...
Program Size: Code=53828 RO-data=2252 RW-data=756 ZI-data=30324  
FromELF: creating hex file...
"..\OBJ\LED.axf" - 0 Error(s), 1 Warning(s).

<h2>Software Packages used:</h2>

Package Vendor: Keil
                http://www.keil.com/pack/Keil.STM32F4xx_DFP.2.10.0.pack
                Keil.STM32F4xx_DFP.2.10.0
                STMicroelectronics STM32F4 Series Device Support, Drivers and Examples

<h2>Collection of Component include folders:</h2>
  D:\KEIL\ARM\PACK\Keil\STM32F4xx_DFP\2.10.0\Drivers\CMSIS\Device\ST\STM32F4xx\Include

<h2>Collection of Component Files used:</h2>
Build Time Elapsed:  00:00:13
</pre>
</body>
</html>
